[0.014s] Invoking command in '/home/uos-robotics/ws_livox/build/livox_ros2_driver': AMENT_PREFIX_PATH=/home/uos-robotics/ws_livox/install/livox_sdk_vendor:/home/uos-robotics/ws_livox/install/livox_interfaces:${AMENT_PREFIX_PATH} CMAKE_PREFIX_PATH=/home/uos-robotics/ws_livox/install/livox_sdk_vendor:/home/uos-robotics/ws_livox/install/livox_interfaces:/opt/ros/jazzy/opt/gz_math_vendor:/opt/ros/jazzy/opt/gz_utils_vendor:/opt/ros/jazzy/opt/gz_cmake_vendor:/opt/ros/jazzy DEBUGINFOD_URLS=https://debuginfod.ubuntu.com LD_LIBRARY_PATH=/home/uos-robotics/ws_livox/install/livox_interfaces/lib:/usr/local/cuda-13.0/lib64:/opt/ros/jazzy/opt/rviz_ogre_vendor/lib:/opt/ros/jazzy/lib/aarch64-linux-gnu:/opt/ros/jazzy/opt/gz_math_vendor/lib:/opt/ros/jazzy/opt/gz_utils_vendor/lib:/opt/ros/jazzy/opt/gz_cmake_vendor/lib:/opt/ros/jazzy/lib:/usr/local/cuda-13.0/lib64 PYTHONPATH=/home/uos-robotics/ws_livox/install/livox_interfaces/lib/python3.12/site-packages:${PYTHONPATH} /usr/bin/cmake /home/uos-robotics/ws_livox/src/livox_ros2_driver/livox_ros2_driver -DAMENT_CMAKE_SYMLINK_INSTALL=1 -DCMAKE_INSTALL_PREFIX=/home/uos-robotics/ws_livox/install/livox_ros2_driver
[0.075s] -- The C compiler identification is GNU 13.3.0
[0.142s] -- The CXX compiler identification is GNU 13.3.0
[0.164s] -- Detecting C compiler ABI info
[0.267s] -- Detecting C compiler ABI info - done
[0.286s] -- Check for working C compiler: /usr/bin/cc - skipped
[0.286s] -- Detecting C compile features
[0.287s] -- Detecting C compile features - done
[0.302s] -- Detecting CXX compiler ABI info
[0.417s] -- Detecting CXX compiler ABI info - done
[0.434s] -- Check for working CXX compiler: /usr/bin/c++ - skipped
[0.435s] -- Detecting CXX compile features
[0.436s] -- Detecting CXX compile features - done
[0.439s] -- livox_ros2_driver version: 0.0.1
[0.441s] -- Found ament_cmake_auto: 2.5.6 (/opt/ros/jazzy/share/ament_cmake_auto/cmake)
[0.615s] -- Found Python3: /usr/bin/python3 (found version "3.12.3") found components: Interpreter 
[0.687s] -- Override CMake install command with custom implementation using symlinks instead of copying resources
[0.882s] -- Found rosidl_generator_c: 4.6.9 (/opt/ros/jazzy/share/rosidl_generator_c/cmake)
[0.893s] -- Found rosidl_generator_cpp: 4.6.9 (/opt/ros/jazzy/share/rosidl_generator_cpp/cmake)
[0.907s] -- Using all available rosidl_typesupport_c: rosidl_typesupport_fastrtps_c;rosidl_typesupport_introspection_c
[0.920s] -- Using all available rosidl_typesupport_cpp: rosidl_typesupport_fastrtps_cpp;rosidl_typesupport_introspection_cpp
[0.970s] -- Found rmw_implementation_cmake: 7.3.3 (/opt/ros/jazzy/share/rmw_implementation_cmake/cmake)
[0.973s] -- Found rmw_fastrtps_cpp: 8.4.4 (/opt/ros/jazzy/share/rmw_fastrtps_cpp/cmake)
[1.058s] -- Found OpenSSL: /usr/lib/aarch64-linux-gnu/libcrypto.so (found version "3.0.13")  
[1.093s] -- Found FastRTPS: /opt/ros/jazzy/include (Required is at least version "2.13") 
[1.129s] -- Using RMW implementation 'rmw_fastrtps_cpp' as default
[1.320s] [33mCMake Warning (dev) at /usr/lib/aarch64-linux-gnu/cmake/pcl/Modules/FindFLANN.cmake:45 (find_package):
[1.321s]   Policy CMP0144 is not set: find_package uses upper-case <PACKAGENAME>_ROOT
[1.321s]   variables.  Run "cmake --help-policy CMP0144" for policy details.  Use the
[1.321s]   cmake_policy command to set the policy and suppress this warning.
[1.321s] 
[1.321s]   CMake variable FLANN_ROOT is set to:
[1.321s] 
[1.321s]     /usr
[1.321s] 
[1.321s]   For compatibility, find_package is ignoring the variable, but code in a
[1.321s]   .cmake module might still use it.
[1.322s] Call Stack (most recent call first):
[1.322s]   /usr/lib/aarch64-linux-gnu/cmake/pcl/PCLConfig.cmake:261 (find_package)
[1.322s]   /usr/lib/aarch64-linux-gnu/cmake/pcl/PCLConfig.cmake:306 (find_flann)
[1.322s]   /usr/lib/aarch64-linux-gnu/cmake/pcl/PCLConfig.cmake:570 (find_external_library)
[1.322s]   /opt/ros/jazzy/share/pcl_conversions/cmake/ament_cmake_export_dependencies-extras.cmake:21 (find_package)
[1.322s]   /opt/ros/jazzy/share/pcl_conversions/cmake/pcl_conversionsConfig.cmake:41 (include)
[1.323s]   /opt/ros/jazzy/share/ament_cmake_auto/cmake/ament_auto_find_build_dependencies.cmake:67 (find_package)
[1.323s]   CMakeLists.txt:30 (ament_auto_find_build_dependencies)
[1.324s] This warning is for project developers.  Use -Wno-dev to suppress it.
[1.324s] [0m
[1.324s] -- Found flann version 1.9.2
[1.690s] -- Found OpenMP_CXX: -fopenmp (found version "4.5") 
[1.690s] -- Found OpenMP: TRUE (found version "4.5") found components: CXX 
[3.311s] -- Checking for module 'libusb-1.0'
[3.334s] --   Found libusb-1.0, version 1.0.27
[3.387s] -- Found libusb: /usr/lib/aarch64-linux-gnu/libusb-1.0.so  
[3.390s] -- OpenNI found (version: 1.5.4.0, include: /usr/include/ni, lib: /usr/lib/libOpenNI.so;libusb::libusb)
[3.475s] -- OpenNI2 found (version: 2.2.0.33, include: /usr/include/openni2, lib: /usr/lib/aarch64-linux-gnu/libOpenNI2.so;libusb::libusb)
[3.478s] -- Could NOT find Pcap (missing: PCAP_LIBRARIES PCAP_INCLUDE_DIRS) 
[3.496s] -- Found ZLIB: /usr/lib/aarch64-linux-gnu/libz.so (found version "1.3")  
[3.518s] -- Found PNG: /usr/lib/aarch64-linux-gnu/libpng.so (found version "1.6.43") 
[3.941s] -- OpenNI found (version: 1.5.4.0, include: /usr/include/ni, lib: /usr/lib/libOpenNI.so;libusb::libusb)
[3.947s] -- OpenNI2 found (version: 2.2.0.33, include: /usr/include/openni2, lib: /usr/lib/aarch64-linux-gnu/libOpenNI2.so;libusb::libusb)
[4.327s] -- Found Qhull version 8.0.2
[4.726s] -- OpenNI found (version: 1.5.4.0, include: /usr/include/ni, lib: /usr/lib/libOpenNI.so;libusb::libusb)
[5.117s] -- Found PCL_COMMON: /usr/lib/aarch64-linux-gnu/libpcl_common.so  
[5.117s] -- Found PCL_KDTREE: /usr/lib/aarch64-linux-gnu/libpcl_kdtree.so  
[5.118s] -- Found PCL_OCTREE: /usr/lib/aarch64-linux-gnu/libpcl_octree.so  
[5.119s] -- Found PCL_SEARCH: /usr/lib/aarch64-linux-gnu/libpcl_search.so  
[5.119s] -- Found PCL_SAMPLE_CONSENSUS: /usr/lib/aarch64-linux-gnu/libpcl_sample_consensus.so  
[5.120s] -- Found PCL_FILTERS: /usr/lib/aarch64-linux-gnu/libpcl_filters.so  
[5.120s] -- Found PCL_2D: /usr/include/pcl-1.14  
[5.121s] -- Found PCL_GEOMETRY: /usr/include/pcl-1.14  
[5.121s] -- Found PCL_IO: /usr/lib/aarch64-linux-gnu/libpcl_io.so  
[5.122s] -- Found PCL_FEATURES: /usr/lib/aarch64-linux-gnu/libpcl_features.so  
[5.123s] -- Found PCL_ML: /usr/lib/aarch64-linux-gnu/libpcl_ml.so  
[5.123s] -- Found PCL_SEGMENTATION: /usr/lib/aarch64-linux-gnu/libpcl_segmentation.so  
[5.124s] -- Found PCL_VISUALIZATION: /usr/lib/aarch64-linux-gnu/libpcl_visualization.so  
[5.125s] -- Found PCL_SURFACE: /usr/lib/aarch64-linux-gnu/libpcl_surface.so  
[5.126s] -- Found PCL_REGISTRATION: /usr/lib/aarch64-linux-gnu/libpcl_registration.so  
[5.126s] -- Found PCL_KEYPOINTS: /usr/lib/aarch64-linux-gnu/libpcl_keypoints.so  
[5.127s] -- Found PCL_TRACKING: /usr/lib/aarch64-linux-gnu/libpcl_tracking.so  
[5.128s] -- Found PCL_RECOGNITION: /usr/lib/aarch64-linux-gnu/libpcl_recognition.so  
[5.129s] -- Found PCL_STEREO: /usr/lib/aarch64-linux-gnu/libpcl_stereo.so  
[5.129s] -- Found PCL_APPS: /usr/lib/aarch64-linux-gnu/libpcl_apps.so  
[5.130s] -- Found PCL_IN_HAND_SCANNER: /usr/include/pcl-1.14  
[5.131s] -- Found PCL_MODELER: /usr/include/pcl-1.14  
[5.131s] -- Found PCL_POINT_CLOUD_EDITOR: /usr/include/pcl-1.14  
[5.132s] -- Found PCL_OUTOFCORE: /usr/lib/aarch64-linux-gnu/libpcl_outofcore.so  
[5.132s] -- Found PCL_PEOPLE: /usr/lib/aarch64-linux-gnu/libpcl_people.so  
[5.158s] [33mCMake Warning (dev) at CMakeLists.txt:31 (find_package):
[5.158s]   Policy CMP0074 is not set: find_package uses <PackageName>_ROOT variables.
[5.158s]   Run "cmake --help-policy CMP0074" for policy details.  Use the cmake_policy
[5.158s]   command to set the policy and suppress this warning.
[5.158s] 
[5.158s]   CMake variable PCL_ROOT is set to:
[5.158s] 
[5.158s]     /usr
[5.159s] 
[5.159s]   For compatibility, CMake is ignoring the variable.
[5.159s] This warning is for project developers.  Use -Wno-dev to suppress it.
[5.159s] [0m
[5.167s] -- Found livox_sdk: /home/uos-robotics/ws_livox/install/livox_sdk_vendor/include  
[5.173s] -- Found PkgConfig: /usr/bin/pkg-config (found version "1.8.1") 
[5.174s] -- Checking for module 'apr-1'
[5.192s] --   Found apr-1, version 1.7.2
[5.239s] [0m/usr/include/apr-1.0[0m
[5.239s] [0mapr-1[0m
[5.259s] -- Found ament_lint_auto: 0.17.5 (/opt/ros/jazzy/share/ament_lint_auto/cmake)
[5.281s] -- Added test 'copyright' to check source files copyright and LICENSE
[5.285s] -- Added test 'cppcheck' to perform static code analysis on C / C++ code
[5.285s] -- Configured cppcheck include dirs: /home/uos-robotics/ws_livox/src/livox_ros2_driver/livox_ros2_driver/common;/home/uos-robotics/ws_livox/src/livox_ros2_driver/livox_ros2_driver/common/rapidjson;/home/uos-robotics/ws_livox/src/livox_ros2_driver/livox_ros2_driver/comon/rapdidxml;/home/uos-robotics/ws_livox/src/livox_ros2_driver/livox_ros2_driver/common/comm;/home/uos-robotics/ws_livox/src/livox_ros2_driver/livox_ros2_driver/timesync;/home/uos-robotics/ws_livox/src/livox_ros2_driver/livox_ros2_driver/timesync/user_uart;/home/uos-robotics/ws_livox/src/livox_ros2_driver/livox_ros2_driver/livox_ros2_driver
[5.285s] -- Configured cppcheck exclude dirs and/or files: 
[5.289s] -- Added test 'cpplint' to check C / C++ code against the Google style
[5.289s] -- Configured cpplint exclude dirs and/or files: 
[5.289s] -- Added test 'flake8' to check Python code syntax and style conventions
[5.289s] -- Configured 'flake8' exclude dirs and/or files: 
[5.290s] -- Added test 'lint_cmake' to check CMake code style
[5.291s] -- Added test 'pep257' to check Python code against some of the docstring style conventions in PEP 257
[5.294s] -- Added test 'uncrustify' to check C / C++ code style
[5.294s] -- Configured uncrustify additional arguments: 
[5.294s] -- Added test 'xmllint' to check XML markup files
[5.297s] -- Configuring done (5.3s)
[5.338s] -- Generating done (0.0s)
[5.345s] -- Build files have been written to: /home/uos-robotics/ws_livox/build/livox_ros2_driver
[5.373s] Invoked command in '/home/uos-robotics/ws_livox/build/livox_ros2_driver' returned '0': AMENT_PREFIX_PATH=/home/uos-robotics/ws_livox/install/livox_sdk_vendor:/home/uos-robotics/ws_livox/install/livox_interfaces:${AMENT_PREFIX_PATH} CMAKE_PREFIX_PATH=/home/uos-robotics/ws_livox/install/livox_sdk_vendor:/home/uos-robotics/ws_livox/install/livox_interfaces:/opt/ros/jazzy/opt/gz_math_vendor:/opt/ros/jazzy/opt/gz_utils_vendor:/opt/ros/jazzy/opt/gz_cmake_vendor:/opt/ros/jazzy DEBUGINFOD_URLS=https://debuginfod.ubuntu.com LD_LIBRARY_PATH=/home/uos-robotics/ws_livox/install/livox_interfaces/lib:/usr/local/cuda-13.0/lib64:/opt/ros/jazzy/opt/rviz_ogre_vendor/lib:/opt/ros/jazzy/lib/aarch64-linux-gnu:/opt/ros/jazzy/opt/gz_math_vendor/lib:/opt/ros/jazzy/opt/gz_utils_vendor/lib:/opt/ros/jazzy/opt/gz_cmake_vendor/lib:/opt/ros/jazzy/lib:/usr/local/cuda-13.0/lib64 PYTHONPATH=/home/uos-robotics/ws_livox/install/livox_interfaces/lib/python3.12/site-packages:${PYTHONPATH} /usr/bin/cmake /home/uos-robotics/ws_livox/src/livox_ros2_driver/livox_ros2_driver -DAMENT_CMAKE_SYMLINK_INSTALL=1 -DCMAKE_INSTALL_PREFIX=/home/uos-robotics/ws_livox/install/livox_ros2_driver
[5.375s] Invoking command in '/home/uos-robotics/ws_livox/build/livox_ros2_driver': AMENT_PREFIX_PATH=/home/uos-robotics/ws_livox/install/livox_sdk_vendor:/home/uos-robotics/ws_livox/install/livox_interfaces:${AMENT_PREFIX_PATH} CMAKE_PREFIX_PATH=/home/uos-robotics/ws_livox/install/livox_sdk_vendor:/home/uos-robotics/ws_livox/install/livox_interfaces:/opt/ros/jazzy/opt/gz_math_vendor:/opt/ros/jazzy/opt/gz_utils_vendor:/opt/ros/jazzy/opt/gz_cmake_vendor:/opt/ros/jazzy DEBUGINFOD_URLS=https://debuginfod.ubuntu.com LD_LIBRARY_PATH=/home/uos-robotics/ws_livox/install/livox_interfaces/lib:/usr/local/cuda-13.0/lib64:/opt/ros/jazzy/opt/rviz_ogre_vendor/lib:/opt/ros/jazzy/lib/aarch64-linux-gnu:/opt/ros/jazzy/opt/gz_math_vendor/lib:/opt/ros/jazzy/opt/gz_utils_vendor/lib:/opt/ros/jazzy/opt/gz_cmake_vendor/lib:/opt/ros/jazzy/lib:/usr/local/cuda-13.0/lib64 PYTHONPATH=/home/uos-robotics/ws_livox/install/livox_interfaces/lib/python3.12/site-packages:${PYTHONPATH} /usr/bin/cmake --build /home/uos-robotics/ws_livox/build/livox_ros2_driver -- -j14 -l14
[5.439s] [ 12%] [32mBuilding CXX object CMakeFiles/livox_ros2_driver.dir/livox_ros2_driver/lvx_file.cpp.o[0m
[5.439s] [ 12%] [32mBuilding CXX object CMakeFiles/livox_ros2_driver_node.dir/rclcpp_components/node_main_livox_ros2_driver_node.cpp.o[0m
[5.439s] [ 18%] [32mBuilding CXX object CMakeFiles/livox_ros2_driver.dir/livox_ros2_driver/lds_lvx.cpp.o[0m
[5.440s] [ 25%] [32mBuilding CXX object CMakeFiles/livox_ros2_driver.dir/livox_ros2_driver/lddc.cpp.o[0m
[5.440s] [ 31%] [32mBuilding CXX object CMakeFiles/livox_ros2_driver.dir/livox_ros2_driver/ldq.cpp.o[0m
[5.440s] [ 37%] [32mBuilding CXX object CMakeFiles/livox_ros2_driver.dir/livox_ros2_driver/lds_lidar.cpp.o[0m
[5.440s] [ 43%] [32mBuilding CXX object CMakeFiles/livox_ros2_driver.dir/livox_ros2_driver/lds.cpp.o[0m
[5.440s] [ 50%] [32mBuilding CXX object CMakeFiles/livox_ros2_driver.dir/common/comm/comm_protocol.cpp.o[0m
[5.440s] [ 56%] [32mBuilding CXX object CMakeFiles/livox_ros2_driver.dir/timesync/timesync.cpp.o[0m
[5.440s] [ 62%] [32mBuilding CXX object CMakeFiles/livox_ros2_driver.dir/timesync/user_uart/user_uart.cpp.o[0m
[5.440s] [ 75%] [32mBuilding CXX object CMakeFiles/livox_ros2_driver.dir/livox_ros2_driver/lds_hub.cpp.o[0m
[5.440s] [ 75%] [32mBuilding CXX object CMakeFiles/livox_ros2_driver.dir/livox_ros2_driver/livox_ros2_driver.cpp.o[0m
[5.441s] [ 81%] [32mBuilding CXX object CMakeFiles/livox_ros2_driver.dir/common/comm/sdk_protocol.cpp.o[0m
[5.446s] [ 87%] [32mBuilding CXX object CMakeFiles/livox_ros2_driver.dir/common/comm/gps_protocol.cpp.o[0m
[7.974s] [ 93%] [32m[1mLinking CXX executable livox_ros2_driver_node[0m
[8.087s] [ 93%] Built target livox_ros2_driver_node
[12.983s] [100%] [32m[1mLinking CXX shared library liblivox_ros2_driver.so[0m
[13.667s] [100%] Built target livox_ros2_driver
[13.682s] Invoked command in '/home/uos-robotics/ws_livox/build/livox_ros2_driver' returned '0': AMENT_PREFIX_PATH=/home/uos-robotics/ws_livox/install/livox_sdk_vendor:/home/uos-robotics/ws_livox/install/livox_interfaces:${AMENT_PREFIX_PATH} CMAKE_PREFIX_PATH=/home/uos-robotics/ws_livox/install/livox_sdk_vendor:/home/uos-robotics/ws_livox/install/livox_interfaces:/opt/ros/jazzy/opt/gz_math_vendor:/opt/ros/jazzy/opt/gz_utils_vendor:/opt/ros/jazzy/opt/gz_cmake_vendor:/opt/ros/jazzy DEBUGINFOD_URLS=https://debuginfod.ubuntu.com LD_LIBRARY_PATH=/home/uos-robotics/ws_livox/install/livox_interfaces/lib:/usr/local/cuda-13.0/lib64:/opt/ros/jazzy/opt/rviz_ogre_vendor/lib:/opt/ros/jazzy/lib/aarch64-linux-gnu:/opt/ros/jazzy/opt/gz_math_vendor/lib:/opt/ros/jazzy/opt/gz_utils_vendor/lib:/opt/ros/jazzy/opt/gz_cmake_vendor/lib:/opt/ros/jazzy/lib:/usr/local/cuda-13.0/lib64 PYTHONPATH=/home/uos-robotics/ws_livox/install/livox_interfaces/lib/python3.12/site-packages:${PYTHONPATH} /usr/bin/cmake --build /home/uos-robotics/ws_livox/build/livox_ros2_driver -- -j14 -l14
[13.685s] Invoking command in '/home/uos-robotics/ws_livox/build/livox_ros2_driver': AMENT_PREFIX_PATH=/home/uos-robotics/ws_livox/install/livox_sdk_vendor:/home/uos-robotics/ws_livox/install/livox_interfaces:${AMENT_PREFIX_PATH} CMAKE_PREFIX_PATH=/home/uos-robotics/ws_livox/install/livox_sdk_vendor:/home/uos-robotics/ws_livox/install/livox_interfaces:/opt/ros/jazzy/opt/gz_math_vendor:/opt/ros/jazzy/opt/gz_utils_vendor:/opt/ros/jazzy/opt/gz_cmake_vendor:/opt/ros/jazzy DEBUGINFOD_URLS=https://debuginfod.ubuntu.com LD_LIBRARY_PATH=/home/uos-robotics/ws_livox/install/livox_interfaces/lib:/usr/local/cuda-13.0/lib64:/opt/ros/jazzy/opt/rviz_ogre_vendor/lib:/opt/ros/jazzy/lib/aarch64-linux-gnu:/opt/ros/jazzy/opt/gz_math_vendor/lib:/opt/ros/jazzy/opt/gz_utils_vendor/lib:/opt/ros/jazzy/opt/gz_cmake_vendor/lib:/opt/ros/jazzy/lib:/usr/local/cuda-13.0/lib64 PYTHONPATH=/home/uos-robotics/ws_livox/install/livox_interfaces/lib/python3.12/site-packages:${PYTHONPATH} /usr/bin/cmake --install /home/uos-robotics/ws_livox/build/livox_ros2_driver
[13.692s] -- Install configuration: ""
[13.694s] -- Execute custom install script
[13.694s] -- Symlinking: /home/uos-robotics/ws_livox/install/livox_ros2_driver/lib/livox_ros2_driver/livox_ros2_driver_node
[13.703s] -- Symlinking: /home/uos-robotics/ws_livox/install/livox_ros2_driver/share/livox_ros2_driver/environment/library_path.sh
[13.713s] -- Symlinking: /home/uos-robotics/ws_livox/install/livox_ros2_driver/share/livox_ros2_driver/environment/library_path.dsv
[13.724s] -- Symlinking: /home/uos-robotics/ws_livox/install/livox_ros2_driver/lib/liblivox_ros2_driver.so
[13.733s] -- Symlinking: /home/uos-robotics/ws_livox/install/livox_ros2_driver/share/livox_ros2_driver/config/livox_hub.rviz
[13.744s] -- Symlinking: /home/uos-robotics/ws_livox/install/livox_ros2_driver/share/livox_ros2_driver/config/livox_hub_config.json
[13.753s] -- Symlinking: /home/uos-robotics/ws_livox/install/livox_ros2_driver/share/livox_ros2_driver/config/livox_lidar.rviz
[13.763s] -- Symlinking: /home/uos-robotics/ws_livox/install/livox_ros2_driver/share/livox_ros2_driver/config/livox_lidar_config.json
[13.773s] -- Symlinking: /home/uos-robotics/ws_livox/install/livox_ros2_driver/share/livox_ros2_driver/launch/livox_hub_launch.py
[13.784s] -- Symlinking: /home/uos-robotics/ws_livox/install/livox_ros2_driver/share/livox_ros2_driver/launch/livox_hub_msg_launch .py
[13.794s] -- Symlinking: /home/uos-robotics/ws_livox/install/livox_ros2_driver/share/livox_ros2_driver/launch/livox_hub_rviz_launch.py
[13.804s] -- Symlinking: /home/uos-robotics/ws_livox/install/livox_ros2_driver/share/livox_ros2_driver/launch/livox_lidar_launch.py
[13.814s] -- Symlinking: /home/uos-robotics/ws_livox/install/livox_ros2_driver/share/livox_ros2_driver/launch/livox_lidar_msg_launch.py
[13.824s] -- Symlinking: /home/uos-robotics/ws_livox/install/livox_ros2_driver/share/livox_ros2_driver/launch/livox_lidar_rviz_launch.py
[13.834s] -- Symlinking: /home/uos-robotics/ws_livox/install/livox_ros2_driver/share/livox_ros2_driver/launch/livox_template_launch.py
[13.845s] -- Symlinking: /home/uos-robotics/ws_livox/install/livox_ros2_driver/share/ament_index/resource_index/package_run_dependencies/livox_ros2_driver
[13.856s] -- Symlinking: /home/uos-robotics/ws_livox/install/livox_ros2_driver/share/ament_index/resource_index/parent_prefix_path/livox_ros2_driver
[13.865s] -- Symlinking: /home/uos-robotics/ws_livox/install/livox_ros2_driver/share/livox_ros2_driver/environment/ament_prefix_path.sh
[13.877s] -- Symlinking: /home/uos-robotics/ws_livox/install/livox_ros2_driver/share/livox_ros2_driver/environment/ament_prefix_path.dsv
[13.888s] -- Symlinking: /home/uos-robotics/ws_livox/install/livox_ros2_driver/share/livox_ros2_driver/environment/path.sh
[13.898s] -- Symlinking: /home/uos-robotics/ws_livox/install/livox_ros2_driver/share/livox_ros2_driver/environment/path.dsv
[13.907s] -- Symlinking: /home/uos-robotics/ws_livox/install/livox_ros2_driver/share/livox_ros2_driver/local_setup.bash
[13.918s] -- Symlinking: /home/uos-robotics/ws_livox/install/livox_ros2_driver/share/livox_ros2_driver/local_setup.sh
[13.927s] -- Symlinking: /home/uos-robotics/ws_livox/install/livox_ros2_driver/share/livox_ros2_driver/local_setup.zsh
[13.937s] -- Symlinking: /home/uos-robotics/ws_livox/install/livox_ros2_driver/share/livox_ros2_driver/local_setup.dsv
[13.946s] -- Symlinking: /home/uos-robotics/ws_livox/install/livox_ros2_driver/share/livox_ros2_driver/package.dsv
[13.956s] -- Symlinking: /home/uos-robotics/ws_livox/install/livox_ros2_driver/share/ament_index/resource_index/packages/livox_ros2_driver
[13.966s] -- Symlinking: /home/uos-robotics/ws_livox/install/livox_ros2_driver/share/ament_index/resource_index/rclcpp_components/livox_ros2_driver
[13.977s] -- Symlinking: /home/uos-robotics/ws_livox/install/livox_ros2_driver/share/livox_ros2_driver/cmake/ament_cmake_export_dependencies-extras.cmake
[13.986s] -- Symlinking: /home/uos-robotics/ws_livox/install/livox_ros2_driver/share/livox_ros2_driver/cmake/ament_cmake_export_libraries-extras.cmake
[13.997s] -- Symlinking: /home/uos-robotics/ws_livox/install/livox_ros2_driver/share/livox_ros2_driver/cmake/livox_ros2_driverConfig.cmake
[14.008s] -- Symlinking: /home/uos-robotics/ws_livox/install/livox_ros2_driver/share/livox_ros2_driver/cmake/livox_ros2_driverConfig-version.cmake
[14.018s] -- Symlinking: /home/uos-robotics/ws_livox/install/livox_ros2_driver/share/livox_ros2_driver/package.xml
[14.032s] Invoked command in '/home/uos-robotics/ws_livox/build/livox_ros2_driver' returned '0': AMENT_PREFIX_PATH=/home/uos-robotics/ws_livox/install/livox_sdk_vendor:/home/uos-robotics/ws_livox/install/livox_interfaces:${AMENT_PREFIX_PATH} CMAKE_PREFIX_PATH=/home/uos-robotics/ws_livox/install/livox_sdk_vendor:/home/uos-robotics/ws_livox/install/livox_interfaces:/opt/ros/jazzy/opt/gz_math_vendor:/opt/ros/jazzy/opt/gz_utils_vendor:/opt/ros/jazzy/opt/gz_cmake_vendor:/opt/ros/jazzy DEBUGINFOD_URLS=https://debuginfod.ubuntu.com LD_LIBRARY_PATH=/home/uos-robotics/ws_livox/install/livox_interfaces/lib:/usr/local/cuda-13.0/lib64:/opt/ros/jazzy/opt/rviz_ogre_vendor/lib:/opt/ros/jazzy/lib/aarch64-linux-gnu:/opt/ros/jazzy/opt/gz_math_vendor/lib:/opt/ros/jazzy/opt/gz_utils_vendor/lib:/opt/ros/jazzy/opt/gz_cmake_vendor/lib:/opt/ros/jazzy/lib:/usr/local/cuda-13.0/lib64 PYTHONPATH=/home/uos-robotics/ws_livox/install/livox_interfaces/lib/python3.12/site-packages:${PYTHONPATH} /usr/bin/cmake --install /home/uos-robotics/ws_livox/build/livox_ros2_driver
