[0.078s] DEBUG:colcon:Command line arguments: ['/usr/bin/colcon', 'build', '--symlink-install', '--event-handlers', 'console_direct+']
[0.078s] DEBUG:colcon:Parsed command line arguments: Namespace(log_base=None, log_level=None, verb_name='build', build_base='build', install_base='install', merge_install=False, symlink_install=True, test_result_base=None, continue_on_error=False, executor='parallel', parallel_workers=14, event_handlers=['console_direct+'], ignore_user_meta=False, metas=['./colcon.meta'], base_paths=['.'], packages_ignore=None, packages_ignore_regex=None, paths=None, packages_up_to=None, packages_up_to_regex=None, packages_above=None, packages_above_and_dependencies=None, packages_above_depth=None, packages_select_by_dep=None, packages_skip_by_dep=None, packages_skip_up_to=None, packages_select_build_failed=False, packages_skip_build_finished=False, packages_select_test_failures=False, packages_skip_test_passed=False, packages_select=None, packages_skip=None, packages_select_regex=None, packages_skip_regex=None, packages_start=None, packages_end=None, allow_overriding=[], cmake_args=None, cmake_target=None, cmake_target_skip_unavailable=False, cmake_clean_cache=False, cmake_clean_first=False, cmake_force_configure=False, ament_cmake_args=None, catkin_cmake_args=None, catkin_skip_building_tests=False, mixin_files=None, mixin=None, verb_parser=<colcon_mixin.mixin.mixin_argument.MixinArgumentDecorator object at 0xffff8a9a8e60>, verb_extension=<colcon_core.verb.build.BuildVerb object at 0xffff8ab31910>, main=<bound method BuildVerb.main of <colcon_core.verb.build.BuildVerb object at 0xffff8ab31910>>, mixin_verb=('build',))
[0.107s] Level 1:colcon.colcon_core.package_discovery:discover_packages(colcon_meta) check parameters
[0.107s] Level 1:colcon.colcon_core.package_discovery:discover_packages(recursive) check parameters
[0.107s] Level 1:colcon.colcon_core.package_discovery:discover_packages(ignore) check parameters
[0.107s] Level 1:colcon.colcon_core.package_discovery:discover_packages(path) check parameters
[0.107s] Level 1:colcon.colcon_core.package_discovery:discover_packages(colcon_meta) discover
[0.107s] Level 1:colcon.colcon_core.package_discovery:discover_packages(recursive) discover
[0.107s] INFO:colcon.colcon_core.package_discovery:Crawling recursively for packages in '/home/uos-robotics/ws_livox'
[0.107s] Level 1:colcon.colcon_core.package_identification:_identify(.) by extensions ['ignore', 'ignore_ament_install']
[0.107s] Level 1:colcon.colcon_core.package_identification:_identify(.) by extension 'ignore'
[0.107s] Level 1:colcon.colcon_core.package_identification:_identify(.) by extension 'ignore_ament_install'
[0.107s] Level 1:colcon.colcon_core.package_identification:_identify(.) by extensions ['colcon_pkg']
[0.107s] Level 1:colcon.colcon_core.package_identification:_identify(.) by extension 'colcon_pkg'
[0.107s] Level 1:colcon.colcon_core.package_identification:_identify(.) by extensions ['colcon_meta']
[0.107s] Level 1:colcon.colcon_core.package_identification:_identify(.) by extension 'colcon_meta'
[0.107s] Level 1:colcon.colcon_core.package_identification:_identify(.) by extensions ['ros']
[0.107s] Level 1:colcon.colcon_core.package_identification:_identify(.) by extension 'ros'
[0.128s] Level 1:colcon.colcon_core.package_identification:_identify(.) by extensions ['cmake', 'python']
[0.128s] Level 1:colcon.colcon_core.package_identification:_identify(.) by extension 'cmake'
[0.128s] Level 1:colcon.colcon_core.package_identification:_identify(.) by extension 'python'
[0.128s] Level 1:colcon.colcon_core.package_identification:_identify(.) by extensions ['python_setup_py']
[0.128s] Level 1:colcon.colcon_core.package_identification:_identify(.) by extension 'python_setup_py'
[0.128s] Level 1:colcon.colcon_core.package_identification:_identify(build) by extensions ['ignore', 'ignore_ament_install']
[0.128s] Level 1:colcon.colcon_core.package_identification:_identify(build) by extension 'ignore'
[0.128s] Level 1:colcon.colcon_core.package_identification:_identify(build) ignored
[0.128s] Level 1:colcon.colcon_core.package_identification:_identify(install) by extensions ['ignore', 'ignore_ament_install']
[0.128s] Level 1:colcon.colcon_core.package_identification:_identify(install) by extension 'ignore'
[0.128s] Level 1:colcon.colcon_core.package_identification:_identify(install) ignored
[0.128s] Level 1:colcon.colcon_core.package_identification:_identify(log) by extensions ['ignore', 'ignore_ament_install']
[0.128s] Level 1:colcon.colcon_core.package_identification:_identify(log) by extension 'ignore'
[0.128s] Level 1:colcon.colcon_core.package_identification:_identify(log) ignored
[0.128s] Level 1:colcon.colcon_core.package_identification:_identify(src) by extensions ['ignore', 'ignore_ament_install']
[0.128s] Level 1:colcon.colcon_core.package_identification:_identify(src) by extension 'ignore'
[0.128s] Level 1:colcon.colcon_core.package_identification:_identify(src) by extension 'ignore_ament_install'
[0.129s] Level 1:colcon.colcon_core.package_identification:_identify(src) by extensions ['colcon_pkg']
[0.129s] Level 1:colcon.colcon_core.package_identification:_identify(src) by extension 'colcon_pkg'
[0.129s] Level 1:colcon.colcon_core.package_identification:_identify(src) by extensions ['colcon_meta']
[0.129s] Level 1:colcon.colcon_core.package_identification:_identify(src) by extension 'colcon_meta'
[0.129s] Level 1:colcon.colcon_core.package_identification:_identify(src) by extensions ['ros']
[0.129s] Level 1:colcon.colcon_core.package_identification:_identify(src) by extension 'ros'
[0.129s] Level 1:colcon.colcon_core.package_identification:_identify(src) by extensions ['cmake', 'python']
[0.129s] Level 1:colcon.colcon_core.package_identification:_identify(src) by extension 'cmake'
[0.129s] Level 1:colcon.colcon_core.package_identification:_identify(src) by extension 'python'
[0.129s] Level 1:colcon.colcon_core.package_identification:_identify(src) by extensions ['python_setup_py']
[0.129s] Level 1:colcon.colcon_core.package_identification:_identify(src) by extension 'python_setup_py'
[0.129s] Level 1:colcon.colcon_core.package_identification:_identify(src/livox_ros2_driver) by extensions ['ignore', 'ignore_ament_install']
[0.129s] Level 1:colcon.colcon_core.package_identification:_identify(src/livox_ros2_driver) by extension 'ignore'
[0.129s] Level 1:colcon.colcon_core.package_identification:_identify(src/livox_ros2_driver) by extension 'ignore_ament_install'
[0.129s] Level 1:colcon.colcon_core.package_identification:_identify(src/livox_ros2_driver) by extensions ['colcon_pkg']
[0.129s] Level 1:colcon.colcon_core.package_identification:_identify(src/livox_ros2_driver) by extension 'colcon_pkg'
[0.129s] Level 1:colcon.colcon_core.package_identification:_identify(src/livox_ros2_driver) by extensions ['colcon_meta']
[0.129s] Level 1:colcon.colcon_core.package_identification:_identify(src/livox_ros2_driver) by extension 'colcon_meta'
[0.129s] Level 1:colcon.colcon_core.package_identification:_identify(src/livox_ros2_driver) by extensions ['ros']
[0.129s] Level 1:colcon.colcon_core.package_identification:_identify(src/livox_ros2_driver) by extension 'ros'
[0.129s] Level 1:colcon.colcon_core.package_identification:_identify(src/livox_ros2_driver) by extensions ['cmake', 'python']
[0.129s] Level 1:colcon.colcon_core.package_identification:_identify(src/livox_ros2_driver) by extension 'cmake'
[0.129s] Level 1:colcon.colcon_core.package_identification:_identify(src/livox_ros2_driver) by extension 'python'
[0.129s] Level 1:colcon.colcon_core.package_identification:_identify(src/livox_ros2_driver) by extensions ['python_setup_py']
[0.129s] Level 1:colcon.colcon_core.package_identification:_identify(src/livox_ros2_driver) by extension 'python_setup_py'
[0.129s] Level 1:colcon.colcon_core.package_identification:_identify(src/livox_ros2_driver/images) by extensions ['ignore', 'ignore_ament_install']
[0.129s] Level 1:colcon.colcon_core.package_identification:_identify(src/livox_ros2_driver/images) by extension 'ignore'
[0.129s] Level 1:colcon.colcon_core.package_identification:_identify(src/livox_ros2_driver/images) by extension 'ignore_ament_install'
[0.129s] Level 1:colcon.colcon_core.package_identification:_identify(src/livox_ros2_driver/images) by extensions ['colcon_pkg']
[0.129s] Level 1:colcon.colcon_core.package_identification:_identify(src/livox_ros2_driver/images) by extension 'colcon_pkg'
[0.129s] Level 1:colcon.colcon_core.package_identification:_identify(src/livox_ros2_driver/images) by extensions ['colcon_meta']
[0.129s] Level 1:colcon.colcon_core.package_identification:_identify(src/livox_ros2_driver/images) by extension 'colcon_meta'
[0.129s] Level 1:colcon.colcon_core.package_identification:_identify(src/livox_ros2_driver/images) by extensions ['ros']
[0.129s] Level 1:colcon.colcon_core.package_identification:_identify(src/livox_ros2_driver/images) by extension 'ros'
[0.129s] Level 1:colcon.colcon_core.package_identification:_identify(src/livox_ros2_driver/images) by extensions ['cmake', 'python']
[0.129s] Level 1:colcon.colcon_core.package_identification:_identify(src/livox_ros2_driver/images) by extension 'cmake'
[0.129s] Level 1:colcon.colcon_core.package_identification:_identify(src/livox_ros2_driver/images) by extension 'python'
[0.129s] Level 1:colcon.colcon_core.package_identification:_identify(src/livox_ros2_driver/images) by extensions ['python_setup_py']
[0.129s] Level 1:colcon.colcon_core.package_identification:_identify(src/livox_ros2_driver/images) by extension 'python_setup_py'
[0.129s] Level 1:colcon.colcon_core.package_identification:_identify(src/livox_ros2_driver/livox_interfaces) by extensions ['ignore', 'ignore_ament_install']
[0.129s] Level 1:colcon.colcon_core.package_identification:_identify(src/livox_ros2_driver/livox_interfaces) by extension 'ignore'
[0.129s] Level 1:colcon.colcon_core.package_identification:_identify(src/livox_ros2_driver/livox_interfaces) by extension 'ignore_ament_install'
[0.129s] Level 1:colcon.colcon_core.package_identification:_identify(src/livox_ros2_driver/livox_interfaces) by extensions ['colcon_pkg']
[0.129s] Level 1:colcon.colcon_core.package_identification:_identify(src/livox_ros2_driver/livox_interfaces) by extension 'colcon_pkg'
[0.129s] Level 1:colcon.colcon_core.package_identification:_identify(src/livox_ros2_driver/livox_interfaces) by extensions ['colcon_meta']
[0.130s] Level 1:colcon.colcon_core.package_identification:_identify(src/livox_ros2_driver/livox_interfaces) by extension 'colcon_meta'
[0.130s] Level 1:colcon.colcon_core.package_identification:_identify(src/livox_ros2_driver/livox_interfaces) by extensions ['ros']
[0.130s] Level 1:colcon.colcon_core.package_identification:_identify(src/livox_ros2_driver/livox_interfaces) by extension 'ros'
[0.131s] DEBUG:colcon.colcon_core.package_identification:Package 'src/livox_ros2_driver/livox_interfaces' with type 'ros.ament_cmake' and name 'livox_interfaces'
[0.131s] Level 1:colcon.colcon_core.package_identification:_identify(src/livox_ros2_driver/livox_ros2_driver) by extensions ['ignore', 'ignore_ament_install']
[0.132s] Level 1:colcon.colcon_core.package_identification:_identify(src/livox_ros2_driver/livox_ros2_driver) by extension 'ignore'
[0.132s] Level 1:colcon.colcon_core.package_identification:_identify(src/livox_ros2_driver/livox_ros2_driver) by extension 'ignore_ament_install'
[0.132s] Level 1:colcon.colcon_core.package_identification:_identify(src/livox_ros2_driver/livox_ros2_driver) by extensions ['colcon_pkg']
[0.132s] Level 1:colcon.colcon_core.package_identification:_identify(src/livox_ros2_driver/livox_ros2_driver) by extension 'colcon_pkg'
[0.132s] Level 1:colcon.colcon_core.package_identification:_identify(src/livox_ros2_driver/livox_ros2_driver) by extensions ['colcon_meta']
[0.132s] Level 1:colcon.colcon_core.package_identification:_identify(src/livox_ros2_driver/livox_ros2_driver) by extension 'colcon_meta'
[0.132s] Level 1:colcon.colcon_core.package_identification:_identify(src/livox_ros2_driver/livox_ros2_driver) by extensions ['ros']
[0.132s] Level 1:colcon.colcon_core.package_identification:_identify(src/livox_ros2_driver/livox_ros2_driver) by extension 'ros'
[0.132s] DEBUG:colcon.colcon_core.package_identification:Package 'src/livox_ros2_driver/livox_ros2_driver' with type 'ros.ament_cmake' and name 'livox_ros2_driver'
[0.133s] Level 1:colcon.colcon_core.package_identification:_identify(src/livox_ros2_driver/livox_sdk_vendor) by extensions ['ignore', 'ignore_ament_install']
[0.133s] Level 1:colcon.colcon_core.package_identification:_identify(src/livox_ros2_driver/livox_sdk_vendor) by extension 'ignore'
[0.133s] Level 1:colcon.colcon_core.package_identification:_identify(src/livox_ros2_driver/livox_sdk_vendor) by extension 'ignore_ament_install'
[0.133s] Level 1:colcon.colcon_core.package_identification:_identify(src/livox_ros2_driver/livox_sdk_vendor) by extensions ['colcon_pkg']
[0.133s] Level 1:colcon.colcon_core.package_identification:_identify(src/livox_ros2_driver/livox_sdk_vendor) by extension 'colcon_pkg'
[0.133s] Level 1:colcon.colcon_core.package_identification:_identify(src/livox_ros2_driver/livox_sdk_vendor) by extensions ['colcon_meta']
[0.133s] Level 1:colcon.colcon_core.package_identification:_identify(src/livox_ros2_driver/livox_sdk_vendor) by extension 'colcon_meta'
[0.133s] Level 1:colcon.colcon_core.package_identification:_identify(src/livox_ros2_driver/livox_sdk_vendor) by extensions ['ros']
[0.133s] Level 1:colcon.colcon_core.package_identification:_identify(src/livox_ros2_driver/livox_sdk_vendor) by extension 'ros'
[0.133s] DEBUG:colcon.colcon_core.package_identification:Package 'src/livox_ros2_driver/livox_sdk_vendor' with type 'ros.ament_cmake' and name 'livox_sdk_vendor'
[0.133s] Level 1:colcon.colcon_core.package_discovery:discover_packages(recursive) using defaults
[0.133s] Level 1:colcon.colcon_core.package_discovery:discover_packages(ignore) discover
[0.133s] Level 1:colcon.colcon_core.package_discovery:discover_packages(ignore) using defaults
[0.133s] Level 1:colcon.colcon_core.package_discovery:discover_packages(path) discover
[0.133s] Level 1:colcon.colcon_core.package_discovery:discover_packages(path) using defaults
[0.147s] Level 1:colcon.colcon_core.package_discovery:discover_packages(prefix_path) check parameters
[0.147s] Level 1:colcon.colcon_core.package_discovery:discover_packages(prefix_path) discover
[0.149s] DEBUG:colcon.colcon_installed_package_information.package_discovery:Found 287 installed packages in /opt/ros/jazzy
[0.149s] Level 1:colcon.colcon_core.package_discovery:discover_packages(prefix_path) using defaults
[0.178s] Level 5:colcon.colcon_core.verb:set package 'livox_interfaces' build argument 'cmake_args' from command line to 'None'
[0.178s] Level 5:colcon.colcon_core.verb:set package 'livox_interfaces' build argument 'cmake_target' from command line to 'None'
[0.178s] Level 5:colcon.colcon_core.verb:set package 'livox_interfaces' build argument 'cmake_target_skip_unavailable' from command line to 'False'
[0.178s] Level 5:colcon.colcon_core.verb:set package 'livox_interfaces' build argument 'cmake_clean_cache' from command line to 'False'
[0.178s] Level 5:colcon.colcon_core.verb:set package 'livox_interfaces' build argument 'cmake_clean_first' from command line to 'False'
[0.178s] Level 5:colcon.colcon_core.verb:set package 'livox_interfaces' build argument 'cmake_force_configure' from command line to 'False'
[0.178s] Level 5:colcon.colcon_core.verb:set package 'livox_interfaces' build argument 'ament_cmake_args' from command line to 'None'
[0.178s] Level 5:colcon.colcon_core.verb:set package 'livox_interfaces' build argument 'catkin_cmake_args' from command line to 'None'
[0.178s] Level 5:colcon.colcon_core.verb:set package 'livox_interfaces' build argument 'catkin_skip_building_tests' from command line to 'False'
[0.178s] DEBUG:colcon.colcon_core.verb:Building package 'livox_interfaces' with the following arguments: {'ament_cmake_args': None, 'build_base': '/home/uos-robotics/ws_livox/build/livox_interfaces', 'catkin_cmake_args': None, 'catkin_skip_building_tests': False, 'cmake_args': None, 'cmake_clean_cache': False, 'cmake_clean_first': False, 'cmake_force_configure': False, 'cmake_target': None, 'cmake_target_skip_unavailable': False, 'install_base': '/home/uos-robotics/ws_livox/install/livox_interfaces', 'merge_install': False, 'path': '/home/uos-robotics/ws_livox/src/livox_ros2_driver/livox_interfaces', 'symlink_install': True, 'test_result_base': None}
[0.178s] Level 5:colcon.colcon_core.verb:set package 'livox_sdk_vendor' build argument 'cmake_args' from command line to 'None'
[0.178s] Level 5:colcon.colcon_core.verb:set package 'livox_sdk_vendor' build argument 'cmake_target' from command line to 'None'
[0.178s] Level 5:colcon.colcon_core.verb:set package 'livox_sdk_vendor' build argument 'cmake_target_skip_unavailable' from command line to 'False'
[0.178s] Level 5:colcon.colcon_core.verb:set package 'livox_sdk_vendor' build argument 'cmake_clean_cache' from command line to 'False'
[0.178s] Level 5:colcon.colcon_core.verb:set package 'livox_sdk_vendor' build argument 'cmake_clean_first' from command line to 'False'
[0.178s] Level 5:colcon.colcon_core.verb:set package 'livox_sdk_vendor' build argument 'cmake_force_configure' from command line to 'False'
[0.178s] Level 5:colcon.colcon_core.verb:set package 'livox_sdk_vendor' build argument 'ament_cmake_args' from command line to 'None'
[0.178s] Level 5:colcon.colcon_core.verb:set package 'livox_sdk_vendor' build argument 'catkin_cmake_args' from command line to 'None'
[0.178s] Level 5:colcon.colcon_core.verb:set package 'livox_sdk_vendor' build argument 'catkin_skip_building_tests' from command line to 'False'
[0.178s] DEBUG:colcon.colcon_core.verb:Building package 'livox_sdk_vendor' with the following arguments: {'ament_cmake_args': None, 'build_base': '/home/uos-robotics/ws_livox/build/livox_sdk_vendor', 'catkin_cmake_args': None, 'catkin_skip_building_tests': False, 'cmake_args': None, 'cmake_clean_cache': False, 'cmake_clean_first': False, 'cmake_force_configure': False, 'cmake_target': None, 'cmake_target_skip_unavailable': False, 'install_base': '/home/uos-robotics/ws_livox/install/livox_sdk_vendor', 'merge_install': False, 'path': '/home/uos-robotics/ws_livox/src/livox_ros2_driver/livox_sdk_vendor', 'symlink_install': True, 'test_result_base': None}
[0.178s] Level 5:colcon.colcon_core.verb:set package 'livox_ros2_driver' build argument 'cmake_args' from command line to 'None'
[0.178s] Level 5:colcon.colcon_core.verb:set package 'livox_ros2_driver' build argument 'cmake_target' from command line to 'None'
[0.178s] Level 5:colcon.colcon_core.verb:set package 'livox_ros2_driver' build argument 'cmake_target_skip_unavailable' from command line to 'False'
[0.178s] Level 5:colcon.colcon_core.verb:set package 'livox_ros2_driver' build argument 'cmake_clean_cache' from command line to 'False'
[0.178s] Level 5:colcon.colcon_core.verb:set package 'livox_ros2_driver' build argument 'cmake_clean_first' from command line to 'False'
[0.178s] Level 5:colcon.colcon_core.verb:set package 'livox_ros2_driver' build argument 'cmake_force_configure' from command line to 'False'
[0.179s] Level 5:colcon.colcon_core.verb:set package 'livox_ros2_driver' build argument 'ament_cmake_args' from command line to 'None'
[0.179s] Level 5:colcon.colcon_core.verb:set package 'livox_ros2_driver' build argument 'catkin_cmake_args' from command line to 'None'
[0.179s] Level 5:colcon.colcon_core.verb:set package 'livox_ros2_driver' build argument 'catkin_skip_building_tests' from command line to 'False'
[0.179s] DEBUG:colcon.colcon_core.verb:Building package 'livox_ros2_driver' with the following arguments: {'ament_cmake_args': None, 'build_base': '/home/uos-robotics/ws_livox/build/livox_ros2_driver', 'catkin_cmake_args': None, 'catkin_skip_building_tests': False, 'cmake_args': None, 'cmake_clean_cache': False, 'cmake_clean_first': False, 'cmake_force_configure': False, 'cmake_target': None, 'cmake_target_skip_unavailable': False, 'install_base': '/home/uos-robotics/ws_livox/install/livox_ros2_driver', 'merge_install': False, 'path': '/home/uos-robotics/ws_livox/src/livox_ros2_driver/livox_ros2_driver', 'symlink_install': True, 'test_result_base': None}
[0.179s] INFO:colcon.colcon_core.executor:Executing jobs using 'parallel' executor
[0.180s] DEBUG:colcon.colcon_parallel_executor.executor.parallel:run_until_complete
[0.180s] INFO:colcon.colcon_ros.task.ament_cmake.build:Building ROS package in '/home/uos-robotics/ws_livox/src/livox_ros2_driver/livox_interfaces' with build type 'ament_cmake'
[0.180s] INFO:colcon.colcon_cmake.task.cmake.build:Building CMake package in '/home/uos-robotics/ws_livox/src/livox_ros2_driver/livox_interfaces'
[0.182s] INFO:colcon.colcon_core.plugin_system:Skipping extension 'colcon_core.shell.bat': Not used on non-Windows systems
[0.182s] INFO:colcon.colcon_core.shell:Skip shell extension 'powershell' for command environment: Not usable outside of PowerShell
[0.182s] DEBUG:colcon.colcon_core.shell:Skip shell extension 'dsv' for command environment
[0.184s] INFO:colcon.colcon_ros.task.ament_cmake.build:Building ROS package in '/home/uos-robotics/ws_livox/src/livox_ros2_driver/livox_sdk_vendor' with build type 'ament_cmake'
[0.184s] INFO:colcon.colcon_cmake.task.cmake.build:Building CMake package in '/home/uos-robotics/ws_livox/src/livox_ros2_driver/livox_sdk_vendor'
[0.185s] INFO:colcon.colcon_core.shell:Skip shell extension 'powershell' for command environment: Not usable outside of PowerShell
[0.185s] DEBUG:colcon.colcon_core.shell:Skip shell extension 'dsv' for command environment
[0.189s] DEBUG:colcon.colcon_core.event_handler.log_command:Invoking command in '/home/uos-robotics/ws_livox/build/livox_interfaces': CMAKE_PREFIX_PATH=${CMAKE_PREFIX_PATH}:/opt/ros/jazzy DEBUGINFOD_URLS=https://debuginfod.ubuntu.com /usr/bin/cmake /home/uos-robotics/ws_livox/src/livox_ros2_driver/livox_interfaces -DAMENT_CMAKE_SYMLINK_INSTALL=1 -DCMAKE_INSTALL_PREFIX=/home/uos-robotics/ws_livox/install/livox_interfaces
[0.193s] DEBUG:colcon.colcon_core.event_handler.log_command:Invoking command in '/home/uos-robotics/ws_livox/build/livox_sdk_vendor': CMAKE_PREFIX_PATH=${CMAKE_PREFIX_PATH}:/opt/ros/jazzy DEBUGINFOD_URLS=https://debuginfod.ubuntu.com /usr/bin/cmake /home/uos-robotics/ws_livox/src/livox_ros2_driver/livox_sdk_vendor -DAMENT_CMAKE_SYMLINK_INSTALL=1 -DCMAKE_INSTALL_PREFIX=/home/uos-robotics/ws_livox/install/livox_sdk_vendor
[1.057s] DEBUG:colcon.colcon_core.event_handler.log_command:Invoked command in '/home/uos-robotics/ws_livox/build/livox_sdk_vendor' returned '0': CMAKE_PREFIX_PATH=${CMAKE_PREFIX_PATH}:/opt/ros/jazzy DEBUGINFOD_URLS=https://debuginfod.ubuntu.com /usr/bin/cmake /home/uos-robotics/ws_livox/src/livox_ros2_driver/livox_sdk_vendor -DAMENT_CMAKE_SYMLINK_INSTALL=1 -DCMAKE_INSTALL_PREFIX=/home/uos-robotics/ws_livox/install/livox_sdk_vendor
[1.058s] DEBUG:colcon.colcon_core.event_handler.log_command:Invoking command in '/home/uos-robotics/ws_livox/build/livox_sdk_vendor': CMAKE_PREFIX_PATH=${CMAKE_PREFIX_PATH}:/opt/ros/jazzy DEBUGINFOD_URLS=https://debuginfod.ubuntu.com /usr/bin/cmake --build /home/uos-robotics/ws_livox/build/livox_sdk_vendor -- -j14 -l14
[4.170s] DEBUG:colcon.colcon_core.event_handler.log_command:Invoked command in '/home/uos-robotics/ws_livox/build/livox_interfaces' returned '0': CMAKE_PREFIX_PATH=${CMAKE_PREFIX_PATH}:/opt/ros/jazzy DEBUGINFOD_URLS=https://debuginfod.ubuntu.com /usr/bin/cmake /home/uos-robotics/ws_livox/src/livox_ros2_driver/livox_interfaces -DAMENT_CMAKE_SYMLINK_INSTALL=1 -DCMAKE_INSTALL_PREFIX=/home/uos-robotics/ws_livox/install/livox_interfaces
[4.171s] DEBUG:colcon.colcon_core.event_handler.log_command:Invoking command in '/home/uos-robotics/ws_livox/build/livox_interfaces': CMAKE_PREFIX_PATH=${CMAKE_PREFIX_PATH}:/opt/ros/jazzy DEBUGINFOD_URLS=https://debuginfod.ubuntu.com /usr/bin/cmake --build /home/uos-robotics/ws_livox/build/livox_interfaces -- -j14 -l14
[6.918s] DEBUG:colcon.colcon_core.event_handler.log_command:Invoked command in '/home/uos-robotics/ws_livox/build/livox_interfaces' returned '0': CMAKE_PREFIX_PATH=${CMAKE_PREFIX_PATH}:/opt/ros/jazzy DEBUGINFOD_URLS=https://debuginfod.ubuntu.com /usr/bin/cmake --build /home/uos-robotics/ws_livox/build/livox_interfaces -- -j14 -l14
[6.929s] DEBUG:colcon.colcon_core.event_handler.log_command:Invoking command in '/home/uos-robotics/ws_livox/build/livox_interfaces': CMAKE_PREFIX_PATH=${CMAKE_PREFIX_PATH}:/opt/ros/jazzy DEBUGINFOD_URLS=https://debuginfod.ubuntu.com /usr/bin/cmake --install /home/uos-robotics/ws_livox/build/livox_interfaces
[7.488s] DEBUG:colcon.colcon_core.event_handler.log_command:Invoked command in '/home/uos-robotics/ws_livox/build/livox_sdk_vendor' returned '0': CMAKE_PREFIX_PATH=${CMAKE_PREFIX_PATH}:/opt/ros/jazzy DEBUGINFOD_URLS=https://debuginfod.ubuntu.com /usr/bin/cmake --build /home/uos-robotics/ws_livox/build/livox_sdk_vendor -- -j14 -l14
[7.490s] DEBUG:colcon.colcon_core.event_handler.log_command:Invoking command in '/home/uos-robotics/ws_livox/build/livox_sdk_vendor': CMAKE_PREFIX_PATH=${CMAKE_PREFIX_PATH}:/opt/ros/jazzy DEBUGINFOD_URLS=https://debuginfod.ubuntu.com /usr/bin/cmake --install /home/uos-robotics/ws_livox/build/livox_sdk_vendor
[7.705s] Level 1:colcon.colcon_core.environment:create_environment_scripts_only(livox_sdk_vendor)
[7.706s] DEBUG:colcon.colcon_core.event_handler.log_command:Invoked command in '/home/uos-robotics/ws_livox/build/livox_sdk_vendor' returned '0': CMAKE_PREFIX_PATH=${CMAKE_PREFIX_PATH}:/opt/ros/jazzy DEBUGINFOD_URLS=https://debuginfod.ubuntu.com /usr/bin/cmake --install /home/uos-robotics/ws_livox/build/livox_sdk_vendor
[7.709s] Level 1:colcon.colcon_core.environment:checking '/home/uos-robotics/ws_livox/install/livox_sdk_vendor' for CMake module files
[7.710s] Level 1:colcon.colcon_core.environment:checking '/home/uos-robotics/ws_livox/install/livox_sdk_vendor' for CMake config files
[7.711s] Level 1:colcon.colcon_core.shell:create_environment_hook('livox_sdk_vendor', 'cmake_prefix_path')
[7.711s] INFO:colcon.colcon_core.shell:Creating environment hook '/home/uos-robotics/ws_livox/install/livox_sdk_vendor/share/livox_sdk_vendor/hook/cmake_prefix_path.ps1'
[7.712s] INFO:colcon.colcon_core.shell:Creating environment descriptor '/home/uos-robotics/ws_livox/install/livox_sdk_vendor/share/livox_sdk_vendor/hook/cmake_prefix_path.dsv'
[7.713s] INFO:colcon.colcon_core.shell:Creating environment hook '/home/uos-robotics/ws_livox/install/livox_sdk_vendor/share/livox_sdk_vendor/hook/cmake_prefix_path.sh'
[7.715s] Level 1:colcon.colcon_core.environment:checking '/home/uos-robotics/ws_livox/install/livox_sdk_vendor/lib'
[7.715s] Level 1:colcon.colcon_core.environment:checking '/home/uos-robotics/ws_livox/install/livox_sdk_vendor/bin'
[7.715s] Level 1:colcon.colcon_core.environment:checking '/home/uos-robotics/ws_livox/install/livox_sdk_vendor/lib/pkgconfig/livox_sdk_vendor.pc'
[7.715s] Level 1:colcon.colcon_core.environment:checking '/home/uos-robotics/ws_livox/install/livox_sdk_vendor/lib/python3.12/site-packages'
[7.716s] Level 1:colcon.colcon_core.environment:checking '/home/uos-robotics/ws_livox/install/livox_sdk_vendor/bin'
[7.716s] INFO:colcon.colcon_core.shell:Creating package script '/home/uos-robotics/ws_livox/install/livox_sdk_vendor/share/livox_sdk_vendor/package.ps1'
[7.718s] INFO:colcon.colcon_core.shell:Creating package descriptor '/home/uos-robotics/ws_livox/install/livox_sdk_vendor/share/livox_sdk_vendor/package.dsv'
[7.719s] INFO:colcon.colcon_core.shell:Creating package script '/home/uos-robotics/ws_livox/install/livox_sdk_vendor/share/livox_sdk_vendor/package.sh'
[7.720s] INFO:colcon.colcon_core.shell:Creating package script '/home/uos-robotics/ws_livox/install/livox_sdk_vendor/share/livox_sdk_vendor/package.bash'
[7.720s] INFO:colcon.colcon_core.shell:Creating package script '/home/uos-robotics/ws_livox/install/livox_sdk_vendor/share/livox_sdk_vendor/package.zsh'
[7.722s] Level 1:colcon.colcon_core.environment:create_file_with_runtime_dependencies(/home/uos-robotics/ws_livox/install/livox_sdk_vendor/share/colcon-core/packages/livox_sdk_vendor)
[7.722s] Level 1:colcon.colcon_core.environment:create_environment_scripts_only(livox_sdk_vendor)
[7.723s] Level 1:colcon.colcon_core.environment:checking '/home/uos-robotics/ws_livox/install/livox_sdk_vendor' for CMake module files
[7.723s] Level 1:colcon.colcon_core.environment:checking '/home/uos-robotics/ws_livox/install/livox_sdk_vendor' for CMake config files
[7.724s] Level 1:colcon.colcon_core.shell:create_environment_hook('livox_sdk_vendor', 'cmake_prefix_path')
[7.724s] INFO:colcon.colcon_core.shell:Creating environment hook '/home/uos-robotics/ws_livox/install/livox_sdk_vendor/share/livox_sdk_vendor/hook/cmake_prefix_path.ps1'
[7.725s] INFO:colcon.colcon_core.shell:Creating environment descriptor '/home/uos-robotics/ws_livox/install/livox_sdk_vendor/share/livox_sdk_vendor/hook/cmake_prefix_path.dsv'
[7.726s] INFO:colcon.colcon_core.shell:Creating environment hook '/home/uos-robotics/ws_livox/install/livox_sdk_vendor/share/livox_sdk_vendor/hook/cmake_prefix_path.sh'
[7.726s] Level 1:colcon.colcon_core.environment:checking '/home/uos-robotics/ws_livox/install/livox_sdk_vendor/lib'
[7.727s] Level 1:colcon.colcon_core.environment:checking '/home/uos-robotics/ws_livox/install/livox_sdk_vendor/bin'
[7.727s] Level 1:colcon.colcon_core.environment:checking '/home/uos-robotics/ws_livox/install/livox_sdk_vendor/lib/pkgconfig/livox_sdk_vendor.pc'
[7.727s] Level 1:colcon.colcon_core.environment:checking '/home/uos-robotics/ws_livox/install/livox_sdk_vendor/lib/python3.12/site-packages'
[7.728s] Level 1:colcon.colcon_core.environment:checking '/home/uos-robotics/ws_livox/install/livox_sdk_vendor/bin'
[7.728s] INFO:colcon.colcon_core.shell:Creating package script '/home/uos-robotics/ws_livox/install/livox_sdk_vendor/share/livox_sdk_vendor/package.ps1'
[7.729s] INFO:colcon.colcon_core.shell:Creating package descriptor '/home/uos-robotics/ws_livox/install/livox_sdk_vendor/share/livox_sdk_vendor/package.dsv'
[7.730s] INFO:colcon.colcon_core.shell:Creating package script '/home/uos-robotics/ws_livox/install/livox_sdk_vendor/share/livox_sdk_vendor/package.sh'
[7.730s] INFO:colcon.colcon_core.shell:Creating package script '/home/uos-robotics/ws_livox/install/livox_sdk_vendor/share/livox_sdk_vendor/package.bash'
[7.731s] INFO:colcon.colcon_core.shell:Creating package script '/home/uos-robotics/ws_livox/install/livox_sdk_vendor/share/livox_sdk_vendor/package.zsh'
[7.731s] Level 1:colcon.colcon_core.environment:create_file_with_runtime_dependencies(/home/uos-robotics/ws_livox/install/livox_sdk_vendor/share/colcon-core/packages/livox_sdk_vendor)
[7.941s] Level 1:colcon.colcon_core.environment:create_environment_scripts_only(livox_interfaces)
[7.942s] Level 1:colcon.colcon_core.environment:checking '/home/uos-robotics/ws_livox/install/livox_interfaces' for CMake module files
[7.942s] DEBUG:colcon.colcon_core.event_handler.log_command:Invoked command in '/home/uos-robotics/ws_livox/build/livox_interfaces' returned '0': CMAKE_PREFIX_PATH=${CMAKE_PREFIX_PATH}:/opt/ros/jazzy DEBUGINFOD_URLS=https://debuginfod.ubuntu.com /usr/bin/cmake --install /home/uos-robotics/ws_livox/build/livox_interfaces
[7.944s] Level 1:colcon.colcon_core.environment:checking '/home/uos-robotics/ws_livox/install/livox_interfaces' for CMake config files
[7.945s] Level 1:colcon.colcon_core.shell:create_environment_hook('livox_interfaces', 'cmake_prefix_path')
[7.945s] INFO:colcon.colcon_core.shell:Creating environment hook '/home/uos-robotics/ws_livox/install/livox_interfaces/share/livox_interfaces/hook/cmake_prefix_path.ps1'
[7.946s] INFO:colcon.colcon_core.shell:Creating environment descriptor '/home/uos-robotics/ws_livox/install/livox_interfaces/share/livox_interfaces/hook/cmake_prefix_path.dsv'
[7.946s] INFO:colcon.colcon_core.shell:Creating environment hook '/home/uos-robotics/ws_livox/install/livox_interfaces/share/livox_interfaces/hook/cmake_prefix_path.sh'
[7.947s] Level 1:colcon.colcon_core.environment:checking '/home/uos-robotics/ws_livox/install/livox_interfaces/lib'
[7.947s] Level 1:colcon.colcon_core.shell:create_environment_hook('livox_interfaces', 'ld_library_path_lib')
[7.947s] INFO:colcon.colcon_core.shell:Creating environment hook '/home/uos-robotics/ws_livox/install/livox_interfaces/share/livox_interfaces/hook/ld_library_path_lib.ps1'
[7.948s] INFO:colcon.colcon_core.shell:Creating environment descriptor '/home/uos-robotics/ws_livox/install/livox_interfaces/share/livox_interfaces/hook/ld_library_path_lib.dsv'
[7.948s] INFO:colcon.colcon_core.shell:Creating environment hook '/home/uos-robotics/ws_livox/install/livox_interfaces/share/livox_interfaces/hook/ld_library_path_lib.sh'
[7.949s] Level 1:colcon.colcon_core.environment:checking '/home/uos-robotics/ws_livox/install/livox_interfaces/bin'
[7.949s] Level 1:colcon.colcon_core.environment:checking '/home/uos-robotics/ws_livox/install/livox_interfaces/lib/pkgconfig/livox_interfaces.pc'
[7.949s] Level 1:colcon.colcon_core.environment:checking '/home/uos-robotics/ws_livox/install/livox_interfaces/lib/python3.12/site-packages'
[7.949s] Level 1:colcon.colcon_core.shell:create_environment_hook('livox_interfaces', 'pythonpath')
[7.950s] INFO:colcon.colcon_core.shell:Creating environment hook '/home/uos-robotics/ws_livox/install/livox_interfaces/share/livox_interfaces/hook/pythonpath.ps1'
[7.950s] INFO:colcon.colcon_core.shell:Creating environment descriptor '/home/uos-robotics/ws_livox/install/livox_interfaces/share/livox_interfaces/hook/pythonpath.dsv'
[7.951s] INFO:colcon.colcon_core.shell:Creating environment hook '/home/uos-robotics/ws_livox/install/livox_interfaces/share/livox_interfaces/hook/pythonpath.sh'
[7.952s] Level 1:colcon.colcon_core.environment:checking '/home/uos-robotics/ws_livox/install/livox_interfaces/bin'
[7.952s] INFO:colcon.colcon_core.shell:Creating package script '/home/uos-robotics/ws_livox/install/livox_interfaces/share/livox_interfaces/package.ps1'
[7.953s] INFO:colcon.colcon_core.shell:Creating package descriptor '/home/uos-robotics/ws_livox/install/livox_interfaces/share/livox_interfaces/package.dsv'
[7.954s] INFO:colcon.colcon_core.shell:Creating package script '/home/uos-robotics/ws_livox/install/livox_interfaces/share/livox_interfaces/package.sh'
[7.954s] INFO:colcon.colcon_core.shell:Creating package script '/home/uos-robotics/ws_livox/install/livox_interfaces/share/livox_interfaces/package.bash'
[7.954s] INFO:colcon.colcon_core.shell:Creating package script '/home/uos-robotics/ws_livox/install/livox_interfaces/share/livox_interfaces/package.zsh'
[7.955s] Level 1:colcon.colcon_core.environment:create_file_with_runtime_dependencies(/home/uos-robotics/ws_livox/install/livox_interfaces/share/colcon-core/packages/livox_interfaces)
[7.956s] Level 1:colcon.colcon_core.environment:create_environment_scripts_only(livox_interfaces)
[7.956s] Level 1:colcon.colcon_core.environment:checking '/home/uos-robotics/ws_livox/install/livox_interfaces' for CMake module files
[7.957s] Level 1:colcon.colcon_core.environment:checking '/home/uos-robotics/ws_livox/install/livox_interfaces' for CMake config files
[7.958s] Level 1:colcon.colcon_core.shell:create_environment_hook('livox_interfaces', 'cmake_prefix_path')
[7.958s] INFO:colcon.colcon_core.shell:Creating environment hook '/home/uos-robotics/ws_livox/install/livox_interfaces/share/livox_interfaces/hook/cmake_prefix_path.ps1'
[7.959s] INFO:colcon.colcon_core.shell:Creating environment descriptor '/home/uos-robotics/ws_livox/install/livox_interfaces/share/livox_interfaces/hook/cmake_prefix_path.dsv'
[7.959s] INFO:colcon.colcon_core.shell:Creating environment hook '/home/uos-robotics/ws_livox/install/livox_interfaces/share/livox_interfaces/hook/cmake_prefix_path.sh'
[7.960s] Level 1:colcon.colcon_core.environment:checking '/home/uos-robotics/ws_livox/install/livox_interfaces/lib'
[7.960s] Level 1:colcon.colcon_core.shell:create_environment_hook('livox_interfaces', 'ld_library_path_lib')
[7.960s] INFO:colcon.colcon_core.shell:Creating environment hook '/home/uos-robotics/ws_livox/install/livox_interfaces/share/livox_interfaces/hook/ld_library_path_lib.ps1'
[7.961s] INFO:colcon.colcon_core.shell:Creating environment descriptor '/home/uos-robotics/ws_livox/install/livox_interfaces/share/livox_interfaces/hook/ld_library_path_lib.dsv'
[7.961s] INFO:colcon.colcon_core.shell:Creating environment hook '/home/uos-robotics/ws_livox/install/livox_interfaces/share/livox_interfaces/hook/ld_library_path_lib.sh'
[7.962s] Level 1:colcon.colcon_core.environment:checking '/home/uos-robotics/ws_livox/install/livox_interfaces/bin'
[7.962s] Level 1:colcon.colcon_core.environment:checking '/home/uos-robotics/ws_livox/install/livox_interfaces/lib/pkgconfig/livox_interfaces.pc'
[7.962s] Level 1:colcon.colcon_core.environment:checking '/home/uos-robotics/ws_livox/install/livox_interfaces/lib/python3.12/site-packages'
[7.962s] Level 1:colcon.colcon_core.shell:create_environment_hook('livox_interfaces', 'pythonpath')
[7.963s] INFO:colcon.colcon_core.shell:Creating environment hook '/home/uos-robotics/ws_livox/install/livox_interfaces/share/livox_interfaces/hook/pythonpath.ps1'
[7.963s] INFO:colcon.colcon_core.shell:Creating environment descriptor '/home/uos-robotics/ws_livox/install/livox_interfaces/share/livox_interfaces/hook/pythonpath.dsv'
[7.964s] INFO:colcon.colcon_core.shell:Creating environment hook '/home/uos-robotics/ws_livox/install/livox_interfaces/share/livox_interfaces/hook/pythonpath.sh'
[7.965s] Level 1:colcon.colcon_core.environment:checking '/home/uos-robotics/ws_livox/install/livox_interfaces/bin'
[7.965s] INFO:colcon.colcon_core.shell:Creating package script '/home/uos-robotics/ws_livox/install/livox_interfaces/share/livox_interfaces/package.ps1'
[7.966s] INFO:colcon.colcon_core.shell:Creating package descriptor '/home/uos-robotics/ws_livox/install/livox_interfaces/share/livox_interfaces/package.dsv'
[7.967s] INFO:colcon.colcon_core.shell:Creating package script '/home/uos-robotics/ws_livox/install/livox_interfaces/share/livox_interfaces/package.sh'
[7.967s] INFO:colcon.colcon_core.shell:Creating package script '/home/uos-robotics/ws_livox/install/livox_interfaces/share/livox_interfaces/package.bash'
[7.968s] INFO:colcon.colcon_core.shell:Creating package script '/home/uos-robotics/ws_livox/install/livox_interfaces/share/livox_interfaces/package.zsh'
[7.968s] Level 1:colcon.colcon_core.environment:create_file_with_runtime_dependencies(/home/uos-robotics/ws_livox/install/livox_interfaces/share/colcon-core/packages/livox_interfaces)
[7.969s] INFO:colcon.colcon_ros.task.ament_cmake.build:Building ROS package in '/home/uos-robotics/ws_livox/src/livox_ros2_driver/livox_ros2_driver' with build type 'ament_cmake'
[7.969s] INFO:colcon.colcon_cmake.task.cmake.build:Building CMake package in '/home/uos-robotics/ws_livox/src/livox_ros2_driver/livox_ros2_driver'
[7.969s] INFO:colcon.colcon_core.shell:Skip shell extension 'powershell' for command environment: Not usable outside of PowerShell
[7.969s] DEBUG:colcon.colcon_core.shell:Skip shell extension 'dsv' for command environment
[7.984s] DEBUG:colcon.colcon_core.event_handler.log_command:Invoking command in '/home/uos-robotics/ws_livox/build/livox_ros2_driver': AMENT_PREFIX_PATH=/home/uos-robotics/ws_livox/install/livox_sdk_vendor:/home/uos-robotics/ws_livox/install/livox_interfaces:${AMENT_PREFIX_PATH} CMAKE_PREFIX_PATH=/home/uos-robotics/ws_livox/install/livox_sdk_vendor:/home/uos-robotics/ws_livox/install/livox_interfaces:/opt/ros/jazzy/opt/gz_math_vendor:/opt/ros/jazzy/opt/gz_utils_vendor:/opt/ros/jazzy/opt/gz_cmake_vendor:/opt/ros/jazzy DEBUGINFOD_URLS=https://debuginfod.ubuntu.com LD_LIBRARY_PATH=/home/uos-robotics/ws_livox/install/livox_interfaces/lib:/usr/local/cuda-13.0/lib64:/opt/ros/jazzy/opt/rviz_ogre_vendor/lib:/opt/ros/jazzy/lib/aarch64-linux-gnu:/opt/ros/jazzy/opt/gz_math_vendor/lib:/opt/ros/jazzy/opt/gz_utils_vendor/lib:/opt/ros/jazzy/opt/gz_cmake_vendor/lib:/opt/ros/jazzy/lib:/usr/local/cuda-13.0/lib64 PYTHONPATH=/home/uos-robotics/ws_livox/install/livox_interfaces/lib/python3.12/site-packages:${PYTHONPATH} /usr/bin/cmake /home/uos-robotics/ws_livox/src/livox_ros2_driver/livox_ros2_driver -DAMENT_CMAKE_SYMLINK_INSTALL=1 -DCMAKE_INSTALL_PREFIX=/home/uos-robotics/ws_livox/install/livox_ros2_driver
[13.343s] DEBUG:colcon.colcon_core.event_handler.log_command:Invoked command in '/home/uos-robotics/ws_livox/build/livox_ros2_driver' returned '0': AMENT_PREFIX_PATH=/home/uos-robotics/ws_livox/install/livox_sdk_vendor:/home/uos-robotics/ws_livox/install/livox_interfaces:${AMENT_PREFIX_PATH} CMAKE_PREFIX_PATH=/home/uos-robotics/ws_livox/install/livox_sdk_vendor:/home/uos-robotics/ws_livox/install/livox_interfaces:/opt/ros/jazzy/opt/gz_math_vendor:/opt/ros/jazzy/opt/gz_utils_vendor:/opt/ros/jazzy/opt/gz_cmake_vendor:/opt/ros/jazzy DEBUGINFOD_URLS=https://debuginfod.ubuntu.com LD_LIBRARY_PATH=/home/uos-robotics/ws_livox/install/livox_interfaces/lib:/usr/local/cuda-13.0/lib64:/opt/ros/jazzy/opt/rviz_ogre_vendor/lib:/opt/ros/jazzy/lib/aarch64-linux-gnu:/opt/ros/jazzy/opt/gz_math_vendor/lib:/opt/ros/jazzy/opt/gz_utils_vendor/lib:/opt/ros/jazzy/opt/gz_cmake_vendor/lib:/opt/ros/jazzy/lib:/usr/local/cuda-13.0/lib64 PYTHONPATH=/home/uos-robotics/ws_livox/install/livox_interfaces/lib/python3.12/site-packages:${PYTHONPATH} /usr/bin/cmake /home/uos-robotics/ws_livox/src/livox_ros2_driver/livox_ros2_driver -DAMENT_CMAKE_SYMLINK_INSTALL=1 -DCMAKE_INSTALL_PREFIX=/home/uos-robotics/ws_livox/install/livox_ros2_driver
[13.345s] DEBUG:colcon.colcon_core.event_handler.log_command:Invoking command in '/home/uos-robotics/ws_livox/build/livox_ros2_driver': AMENT_PREFIX_PATH=/home/uos-robotics/ws_livox/install/livox_sdk_vendor:/home/uos-robotics/ws_livox/install/livox_interfaces:${AMENT_PREFIX_PATH} CMAKE_PREFIX_PATH=/home/uos-robotics/ws_livox/install/livox_sdk_vendor:/home/uos-robotics/ws_livox/install/livox_interfaces:/opt/ros/jazzy/opt/gz_math_vendor:/opt/ros/jazzy/opt/gz_utils_vendor:/opt/ros/jazzy/opt/gz_cmake_vendor:/opt/ros/jazzy DEBUGINFOD_URLS=https://debuginfod.ubuntu.com LD_LIBRARY_PATH=/home/uos-robotics/ws_livox/install/livox_interfaces/lib:/usr/local/cuda-13.0/lib64:/opt/ros/jazzy/opt/rviz_ogre_vendor/lib:/opt/ros/jazzy/lib/aarch64-linux-gnu:/opt/ros/jazzy/opt/gz_math_vendor/lib:/opt/ros/jazzy/opt/gz_utils_vendor/lib:/opt/ros/jazzy/opt/gz_cmake_vendor/lib:/opt/ros/jazzy/lib:/usr/local/cuda-13.0/lib64 PYTHONPATH=/home/uos-robotics/ws_livox/install/livox_interfaces/lib/python3.12/site-packages:${PYTHONPATH} /usr/bin/cmake --build /home/uos-robotics/ws_livox/build/livox_ros2_driver -- -j14 -l14
[21.653s] DEBUG:colcon.colcon_core.event_handler.log_command:Invoked command in '/home/uos-robotics/ws_livox/build/livox_ros2_driver' returned '0': AMENT_PREFIX_PATH=/home/uos-robotics/ws_livox/install/livox_sdk_vendor:/home/uos-robotics/ws_livox/install/livox_interfaces:${AMENT_PREFIX_PATH} CMAKE_PREFIX_PATH=/home/uos-robotics/ws_livox/install/livox_sdk_vendor:/home/uos-robotics/ws_livox/install/livox_interfaces:/opt/ros/jazzy/opt/gz_math_vendor:/opt/ros/jazzy/opt/gz_utils_vendor:/opt/ros/jazzy/opt/gz_cmake_vendor:/opt/ros/jazzy DEBUGINFOD_URLS=https://debuginfod.ubuntu.com LD_LIBRARY_PATH=/home/uos-robotics/ws_livox/install/livox_interfaces/lib:/usr/local/cuda-13.0/lib64:/opt/ros/jazzy/opt/rviz_ogre_vendor/lib:/opt/ros/jazzy/lib/aarch64-linux-gnu:/opt/ros/jazzy/opt/gz_math_vendor/lib:/opt/ros/jazzy/opt/gz_utils_vendor/lib:/opt/ros/jazzy/opt/gz_cmake_vendor/lib:/opt/ros/jazzy/lib:/usr/local/cuda-13.0/lib64 PYTHONPATH=/home/uos-robotics/ws_livox/install/livox_interfaces/lib/python3.12/site-packages:${PYTHONPATH} /usr/bin/cmake --build /home/uos-robotics/ws_livox/build/livox_ros2_driver -- -j14 -l14
[21.655s] DEBUG:colcon.colcon_core.event_handler.log_command:Invoking command in '/home/uos-robotics/ws_livox/build/livox_ros2_driver': AMENT_PREFIX_PATH=/home/uos-robotics/ws_livox/install/livox_sdk_vendor:/home/uos-robotics/ws_livox/install/livox_interfaces:${AMENT_PREFIX_PATH} CMAKE_PREFIX_PATH=/home/uos-robotics/ws_livox/install/livox_sdk_vendor:/home/uos-robotics/ws_livox/install/livox_interfaces:/opt/ros/jazzy/opt/gz_math_vendor:/opt/ros/jazzy/opt/gz_utils_vendor:/opt/ros/jazzy/opt/gz_cmake_vendor:/opt/ros/jazzy DEBUGINFOD_URLS=https://debuginfod.ubuntu.com LD_LIBRARY_PATH=/home/uos-robotics/ws_livox/install/livox_interfaces/lib:/usr/local/cuda-13.0/lib64:/opt/ros/jazzy/opt/rviz_ogre_vendor/lib:/opt/ros/jazzy/lib/aarch64-linux-gnu:/opt/ros/jazzy/opt/gz_math_vendor/lib:/opt/ros/jazzy/opt/gz_utils_vendor/lib:/opt/ros/jazzy/opt/gz_cmake_vendor/lib:/opt/ros/jazzy/lib:/usr/local/cuda-13.0/lib64 PYTHONPATH=/home/uos-robotics/ws_livox/install/livox_interfaces/lib/python3.12/site-packages:${PYTHONPATH} /usr/bin/cmake --install /home/uos-robotics/ws_livox/build/livox_ros2_driver
[22.001s] Level 1:colcon.colcon_core.environment:create_environment_scripts_only(livox_ros2_driver)
[22.002s] Level 1:colcon.colcon_core.environment:checking '/home/uos-robotics/ws_livox/install/livox_ros2_driver' for CMake module files
[22.003s] DEBUG:colcon.colcon_core.event_handler.log_command:Invoked command in '/home/uos-robotics/ws_livox/build/livox_ros2_driver' returned '0': AMENT_PREFIX_PATH=/home/uos-robotics/ws_livox/install/livox_sdk_vendor:/home/uos-robotics/ws_livox/install/livox_interfaces:${AMENT_PREFIX_PATH} CMAKE_PREFIX_PATH=/home/uos-robotics/ws_livox/install/livox_sdk_vendor:/home/uos-robotics/ws_livox/install/livox_interfaces:/opt/ros/jazzy/opt/gz_math_vendor:/opt/ros/jazzy/opt/gz_utils_vendor:/opt/ros/jazzy/opt/gz_cmake_vendor:/opt/ros/jazzy DEBUGINFOD_URLS=https://debuginfod.ubuntu.com LD_LIBRARY_PATH=/home/uos-robotics/ws_livox/install/livox_interfaces/lib:/usr/local/cuda-13.0/lib64:/opt/ros/jazzy/opt/rviz_ogre_vendor/lib:/opt/ros/jazzy/lib/aarch64-linux-gnu:/opt/ros/jazzy/opt/gz_math_vendor/lib:/opt/ros/jazzy/opt/gz_utils_vendor/lib:/opt/ros/jazzy/opt/gz_cmake_vendor/lib:/opt/ros/jazzy/lib:/usr/local/cuda-13.0/lib64 PYTHONPATH=/home/uos-robotics/ws_livox/install/livox_interfaces/lib/python3.12/site-packages:${PYTHONPATH} /usr/bin/cmake --install /home/uos-robotics/ws_livox/build/livox_ros2_driver
[22.004s] Level 1:colcon.colcon_core.environment:checking '/home/uos-robotics/ws_livox/install/livox_ros2_driver' for CMake config files
[22.004s] Level 1:colcon.colcon_core.shell:create_environment_hook('livox_ros2_driver', 'cmake_prefix_path')
[22.004s] INFO:colcon.colcon_core.shell:Creating environment hook '/home/uos-robotics/ws_livox/install/livox_ros2_driver/share/livox_ros2_driver/hook/cmake_prefix_path.ps1'
[22.005s] INFO:colcon.colcon_core.shell:Creating environment descriptor '/home/uos-robotics/ws_livox/install/livox_ros2_driver/share/livox_ros2_driver/hook/cmake_prefix_path.dsv'
[22.006s] INFO:colcon.colcon_core.shell:Creating environment hook '/home/uos-robotics/ws_livox/install/livox_ros2_driver/share/livox_ros2_driver/hook/cmake_prefix_path.sh'
[22.007s] Level 1:colcon.colcon_core.environment:checking '/home/uos-robotics/ws_livox/install/livox_ros2_driver/lib'
[22.007s] Level 1:colcon.colcon_core.shell:create_environment_hook('livox_ros2_driver', 'ld_library_path_lib')
[22.007s] INFO:colcon.colcon_core.shell:Creating environment hook '/home/uos-robotics/ws_livox/install/livox_ros2_driver/share/livox_ros2_driver/hook/ld_library_path_lib.ps1'
[22.008s] INFO:colcon.colcon_core.shell:Creating environment descriptor '/home/uos-robotics/ws_livox/install/livox_ros2_driver/share/livox_ros2_driver/hook/ld_library_path_lib.dsv'
[22.008s] INFO:colcon.colcon_core.shell:Creating environment hook '/home/uos-robotics/ws_livox/install/livox_ros2_driver/share/livox_ros2_driver/hook/ld_library_path_lib.sh'
[22.008s] Level 1:colcon.colcon_core.environment:checking '/home/uos-robotics/ws_livox/install/livox_ros2_driver/bin'
[22.009s] Level 1:colcon.colcon_core.environment:checking '/home/uos-robotics/ws_livox/install/livox_ros2_driver/lib/pkgconfig/livox_ros2_driver.pc'
[22.009s] Level 1:colcon.colcon_core.environment:checking '/home/uos-robotics/ws_livox/install/livox_ros2_driver/lib/python3.12/site-packages'
[22.010s] Level 1:colcon.colcon_core.environment:checking '/home/uos-robotics/ws_livox/install/livox_ros2_driver/bin'
[22.010s] INFO:colcon.colcon_core.shell:Creating package script '/home/uos-robotics/ws_livox/install/livox_ros2_driver/share/livox_ros2_driver/package.ps1'
[22.011s] INFO:colcon.colcon_core.shell:Creating package descriptor '/home/uos-robotics/ws_livox/install/livox_ros2_driver/share/livox_ros2_driver/package.dsv'
[22.011s] INFO:colcon.colcon_core.shell:Creating package script '/home/uos-robotics/ws_livox/install/livox_ros2_driver/share/livox_ros2_driver/package.sh'
[22.012s] INFO:colcon.colcon_core.shell:Creating package script '/home/uos-robotics/ws_livox/install/livox_ros2_driver/share/livox_ros2_driver/package.bash'
[22.012s] INFO:colcon.colcon_core.shell:Creating package script '/home/uos-robotics/ws_livox/install/livox_ros2_driver/share/livox_ros2_driver/package.zsh'
[22.013s] Level 1:colcon.colcon_core.environment:create_file_with_runtime_dependencies(/home/uos-robotics/ws_livox/install/livox_ros2_driver/share/colcon-core/packages/livox_ros2_driver)
[22.013s] Level 1:colcon.colcon_core.environment:create_environment_scripts_only(livox_ros2_driver)
[22.014s] Level 1:colcon.colcon_core.environment:checking '/home/uos-robotics/ws_livox/install/livox_ros2_driver' for CMake module files
[22.014s] Level 1:colcon.colcon_core.environment:checking '/home/uos-robotics/ws_livox/install/livox_ros2_driver' for CMake config files
[22.015s] Level 1:colcon.colcon_core.shell:create_environment_hook('livox_ros2_driver', 'cmake_prefix_path')
[22.015s] INFO:colcon.colcon_core.shell:Creating environment hook '/home/uos-robotics/ws_livox/install/livox_ros2_driver/share/livox_ros2_driver/hook/cmake_prefix_path.ps1'
[22.016s] INFO:colcon.colcon_core.shell:Creating environment descriptor '/home/uos-robotics/ws_livox/install/livox_ros2_driver/share/livox_ros2_driver/hook/cmake_prefix_path.dsv'
[22.016s] INFO:colcon.colcon_core.shell:Creating environment hook '/home/uos-robotics/ws_livox/install/livox_ros2_driver/share/livox_ros2_driver/hook/cmake_prefix_path.sh'
[22.017s] Level 1:colcon.colcon_core.environment:checking '/home/uos-robotics/ws_livox/install/livox_ros2_driver/lib'
[22.017s] Level 1:colcon.colcon_core.shell:create_environment_hook('livox_ros2_driver', 'ld_library_path_lib')
[22.018s] INFO:colcon.colcon_core.shell:Creating environment hook '/home/uos-robotics/ws_livox/install/livox_ros2_driver/share/livox_ros2_driver/hook/ld_library_path_lib.ps1'
[22.018s] INFO:colcon.colcon_core.shell:Creating environment descriptor '/home/uos-robotics/ws_livox/install/livox_ros2_driver/share/livox_ros2_driver/hook/ld_library_path_lib.dsv'
[22.019s] INFO:colcon.colcon_core.shell:Creating environment hook '/home/uos-robotics/ws_livox/install/livox_ros2_driver/share/livox_ros2_driver/hook/ld_library_path_lib.sh'
[22.020s] Level 1:colcon.colcon_core.environment:checking '/home/uos-robotics/ws_livox/install/livox_ros2_driver/bin'
[22.020s] Level 1:colcon.colcon_core.environment:checking '/home/uos-robotics/ws_livox/install/livox_ros2_driver/lib/pkgconfig/livox_ros2_driver.pc'
[22.020s] Level 1:colcon.colcon_core.environment:checking '/home/uos-robotics/ws_livox/install/livox_ros2_driver/lib/python3.12/site-packages'
[22.021s] Level 1:colcon.colcon_core.environment:checking '/home/uos-robotics/ws_livox/install/livox_ros2_driver/bin'
[22.021s] INFO:colcon.colcon_core.shell:Creating package script '/home/uos-robotics/ws_livox/install/livox_ros2_driver/share/livox_ros2_driver/package.ps1'
[22.022s] INFO:colcon.colcon_core.shell:Creating package descriptor '/home/uos-robotics/ws_livox/install/livox_ros2_driver/share/livox_ros2_driver/package.dsv'
[22.023s] INFO:colcon.colcon_core.shell:Creating package script '/home/uos-robotics/ws_livox/install/livox_ros2_driver/share/livox_ros2_driver/package.sh'
[22.024s] INFO:colcon.colcon_core.shell:Creating package script '/home/uos-robotics/ws_livox/install/livox_ros2_driver/share/livox_ros2_driver/package.bash'
[22.024s] INFO:colcon.colcon_core.shell:Creating package script '/home/uos-robotics/ws_livox/install/livox_ros2_driver/share/livox_ros2_driver/package.zsh'
[22.025s] Level 1:colcon.colcon_core.environment:create_file_with_runtime_dependencies(/home/uos-robotics/ws_livox/install/livox_ros2_driver/share/colcon-core/packages/livox_ros2_driver)
[22.025s] DEBUG:colcon.colcon_parallel_executor.executor.parallel:closing loop
[22.025s] DEBUG:colcon.colcon_parallel_executor.executor.parallel:loop closed
[22.025s] DEBUG:colcon.colcon_parallel_executor.executor.parallel:run_until_complete finished with '0'
[22.025s] DEBUG:colcon.colcon_core.event_reactor:joining thread
[22.034s] INFO:colcon.colcon_core.plugin_system:Skipping extension 'colcon_notification.desktop_notification.terminal_notifier': Not used on non-Darwin systems
[22.035s] INFO:colcon.colcon_core.plugin_system:Skipping extension 'colcon_notification.desktop_notification.win32': Not used on non-Windows systems
[22.035s] INFO:colcon.colcon_notification.desktop_notification:Sending desktop notification using 'notify2'
[22.063s] DEBUG:colcon.colcon_core.event_reactor:joined thread
[22.063s] INFO:colcon.colcon_core.shell:Creating prefix script '/home/uos-robotics/ws_livox/install/local_setup.ps1'
[22.065s] INFO:colcon.colcon_core.shell:Creating prefix util module '/home/uos-robotics/ws_livox/install/_local_setup_util_ps1.py'
[22.066s] INFO:colcon.colcon_core.shell:Creating prefix chain script '/home/uos-robotics/ws_livox/install/setup.ps1'
[22.067s] INFO:colcon.colcon_core.shell:Creating prefix script '/home/uos-robotics/ws_livox/install/local_setup.sh'
[22.068s] INFO:colcon.colcon_core.shell:Creating prefix util module '/home/uos-robotics/ws_livox/install/_local_setup_util_sh.py'
[22.069s] INFO:colcon.colcon_core.shell:Creating prefix chain script '/home/uos-robotics/ws_livox/install/setup.sh'
[22.070s] INFO:colcon.colcon_core.shell:Creating prefix script '/home/uos-robotics/ws_livox/install/local_setup.bash'
[22.070s] INFO:colcon.colcon_core.shell:Creating prefix chain script '/home/uos-robotics/ws_livox/install/setup.bash'
[22.071s] INFO:colcon.colcon_core.shell:Creating prefix script '/home/uos-robotics/ws_livox/install/local_setup.zsh'
[22.072s] INFO:colcon.colcon_core.shell:Creating prefix chain script '/home/uos-robotics/ws_livox/install/setup.zsh'
