[0.008s] Invoking command in '/home/uos-robotics/ws_livox/build/livox_interfaces': CMAKE_PREFIX_PATH=${CMAKE_PREFIX_PATH}:/opt/ros/jazzy DEBUGINFOD_URLS=https://debuginfod.ubuntu.com /usr/bin/cmake /home/uos-robotics/ws_livox/src/livox_ros2_driver/livox_interfaces -DAMENT_CMAKE_SYMLINK_INSTALL=1 -DCMAKE_INSTALL_PREFIX=/home/uos-robotics/ws_livox/install/livox_interfaces
[0.072s] -- The C compiler identification is GNU 13.3.0
[0.139s] -- The CXX compiler identification is GNU 13.3.0
[0.164s] -- Detecting C compiler ABI info
[0.272s] -- Detecting C compiler ABI info - done
[0.290s] -- Check for working C compiler: /usr/bin/cc - skipped
[0.291s] -- Detecting C compile features
[0.291s] -- Detecting C compile features - done
[0.306s] -- Detecting CXX compiler ABI info
[0.420s] -- Detecting CXX compiler ABI info - done
[0.438s] -- Check for working CXX compiler: /usr/bin/c++ - skipped
[0.439s] -- Detecting CXX compile features
[0.440s] -- Detecting CXX compile features - done
[0.443s] -- Found ament_cmake: 2.5.6 (/opt/ros/jazzy/share/ament_cmake/cmake)
[0.610s] -- Found Python3: /usr/bin/python3 (found version "3.12.3") found components: Interpreter 
[0.686s] -- Override CMake install command with custom implementation using symlinks instead of copying resources
[0.728s] -- Found std_msgs: 5.3.8 (/opt/ros/jazzy/share/std_msgs/cmake)
[0.782s] -- Found rosidl_generator_c: 4.6.9 (/opt/ros/jazzy/share/rosidl_generator_c/cmake)
[0.794s] -- Found rosidl_generator_cpp: 4.6.9 (/opt/ros/jazzy/share/rosidl_generator_cpp/cmake)
[0.807s] -- Using all available rosidl_typesupport_c: rosidl_typesupport_fastrtps_c;rosidl_typesupport_introspection_c
[0.820s] -- Using all available rosidl_typesupport_cpp: rosidl_typesupport_fastrtps_cpp;rosidl_typesupport_introspection_cpp
[0.842s] -- Found rosidl_default_generators: 1.6.1 (/opt/ros/jazzy/share/rosidl_default_generators/cmake)
[0.853s] -- Found rosidl_adapter: 4.6.9 (/opt/ros/jazzy/share/rosidl_adapter/cmake)
[1.540s] -- Found ament_cmake_ros: 0.12.1 (/opt/ros/jazzy/share/ament_cmake_ros/cmake)
[2.492s] -- Using all available rosidl_typesupport_c: rosidl_typesupport_fastrtps_c;rosidl_typesupport_introspection_c
[2.873s] -- Using all available rosidl_typesupport_cpp: rosidl_typesupport_fastrtps_cpp;rosidl_typesupport_introspection_cpp
[2.878s] -- Found python_cmake_module: 0.11.1 (/opt/ros/jazzy/share/python_cmake_module/cmake)
[3.039s] -- Found PythonExtra: /usr/bin/python3  
[3.704s] -- Found Python3: /usr/bin/python3 (found version "3.12.3") found components: Interpreter Development NumPy Development.Module Development.Embed 
[3.819s] -- Found Python3: /usr/bin/python3 (found version "3.12.3") found components: Interpreter 
[3.822s] -- Found ament_lint_auto: 0.17.5 (/opt/ros/jazzy/share/ament_lint_auto/cmake)
[3.839s] -- Added test 'copyright' to check source files copyright and LICENSE
[3.840s] -- Added test 'lint_cmake' to check CMake code style
[3.841s] -- Added test 'xmllint' to check XML markup files
[3.844s] -- Configuring done (3.8s)
[3.911s] -- Generating done (0.1s)
[3.942s] -- Build files have been written to: /home/uos-robotics/ws_livox/build/livox_interfaces
[3.989s] Invoked command in '/home/uos-robotics/ws_livox/build/livox_interfaces' returned '0': CMAKE_PREFIX_PATH=${CMAKE_PREFIX_PATH}:/opt/ros/jazzy DEBUGINFOD_URLS=https://debuginfod.ubuntu.com /usr/bin/cmake /home/uos-robotics/ws_livox/src/livox_ros2_driver/livox_interfaces -DAMENT_CMAKE_SYMLINK_INSTALL=1 -DCMAKE_INSTALL_PREFIX=/home/uos-robotics/ws_livox/install/livox_interfaces
[3.991s] Invoking command in '/home/uos-robotics/ws_livox/build/livox_interfaces': CMAKE_PREFIX_PATH=${CMAKE_PREFIX_PATH}:/opt/ros/jazzy DEBUGINFOD_URLS=https://debuginfod.ubuntu.com /usr/bin/cmake --build /home/uos-robotics/ws_livox/build/livox_interfaces -- -j14 -l14
[4.043s] [  2%] [34m[1mGenerating type hashes for ROS interfaces[0m
[4.044s] [  4%] [34m[1mGenerating Rust code for ROS interfaces[0m
[4.055s] [  4%] Built target ament_cmake_python_symlink_livox_interfaces
[4.260s] running egg_info
[4.261s] creating livox_interfaces.egg-info
[4.274s] writing livox_interfaces.egg-info/PKG-INFO
[4.274s] writing dependency_links to livox_interfaces.egg-info/dependency_links.txt
[4.274s] writing top-level names to livox_interfaces.egg-info/top_level.txt
[4.274s] writing manifest file 'livox_interfaces.egg-info/SOURCES.txt'
[4.318s] reading manifest file 'livox_interfaces.egg-info/SOURCES.txt'
[4.318s] writing manifest file 'livox_interfaces.egg-info/SOURCES.txt'
[4.337s] [  4%] Built target livox_interfaces__rosidl_generator_type_description
[4.351s] [  6%] [34m[1mGenerating C code for ROS interfaces[0m
[4.364s] [  8%] [34m[1mGenerating C++ code for ROS interfaces[0m
[4.376s] [  8%] Built target ament_cmake_python_build_livox_interfaces_egg
[4.392s] [  8%] Built target livox_interfaces__rs
[4.694s] [  8%] Built target livox_interfaces__cpp
[4.764s] [ 15%] [32mBuilding C object CMakeFiles/livox_interfaces__rosidl_generator_c.dir/rosidl_generator_c/livox_interfaces/msg/detail/custom_point__type_support.c.o[0m
[4.765s] [ 15%] [32mBuilding C object CMakeFiles/livox_interfaces__rosidl_generator_c.dir/rosidl_generator_c/livox_interfaces/msg/detail/custom_msg__description.c.o[0m
[4.765s] [ 15%] [32mBuilding C object CMakeFiles/livox_interfaces__rosidl_generator_c.dir/rosidl_generator_c/livox_interfaces/msg/detail/custom_point__description.c.o[0m
[4.765s] [ 17%] [32mBuilding C object CMakeFiles/livox_interfaces__rosidl_generator_c.dir/rosidl_generator_c/livox_interfaces/msg/detail/custom_point__functions.c.o[0m
[4.769s] [ 20%] [32mBuilding C object CMakeFiles/livox_interfaces__rosidl_generator_c.dir/rosidl_generator_c/livox_interfaces/msg/detail/custom_msg__functions.c.o[0m
[4.773s] [ 22%] [32mBuilding C object CMakeFiles/livox_interfaces__rosidl_generator_c.dir/rosidl_generator_c/livox_interfaces/msg/detail/custom_msg__type_support.c.o[0m
[4.831s] [ 24%] [32m[1mLinking C shared library liblivox_interfaces__rosidl_generator_c.so[0m
[4.878s] [ 24%] Built target livox_interfaces__rosidl_generator_c
[4.889s] [ 28%] [34m[1mGenerating C type support dispatch for ROS interfaces[0m
[4.889s] [ 31%] [34m[1mGenerating C type support for eProsima Fast-RTPS[0m
[4.889s] [ 31%] [34m[1mGenerating C++ type support dispatch for ROS interfaces[0m
[4.889s] [ 33%] [34m[1mGenerating C introspection for ROS interfaces[0m
[4.889s] [ 35%] [34m[1mGenerating C++ introspection for ROS interfaces[0m
[4.889s] [ 37%] [34m[1mGenerating C++ type support for eProsima Fast-RTPS[0m
[5.193s] [ 40%] [32mBuilding CXX object CMakeFiles/livox_interfaces__rosidl_typesupport_cpp.dir/rosidl_typesupport_cpp/livox_interfaces/msg/custom_point__type_support.cpp.o[0m
[5.193s] [ 42%] [32mBuilding CXX object CMakeFiles/livox_interfaces__rosidl_typesupport_cpp.dir/rosidl_typesupport_cpp/livox_interfaces/msg/custom_msg__type_support.cpp.o[0m
[5.207s] [ 44%] [32mBuilding CXX object CMakeFiles/livox_interfaces__rosidl_typesupport_introspection_cpp.dir/rosidl_typesupport_introspection_cpp/livox_interfaces/msg/detail/custom_point__type_support.cpp.o[0m
[5.212s] [ 46%] [32mBuilding CXX object CMakeFiles/livox_interfaces__rosidl_typesupport_introspection_cpp.dir/rosidl_typesupport_introspection_cpp/livox_interfaces/msg/detail/custom_msg__type_support.cpp.o[0m
[5.222s] [ 48%] [32mBuilding CXX object CMakeFiles/livox_interfaces__rosidl_typesupport_c.dir/rosidl_typesupport_c/livox_interfaces/msg/custom_point__type_support.cpp.o[0m
[5.224s] [ 51%] [32mBuilding CXX object CMakeFiles/livox_interfaces__rosidl_typesupport_c.dir/rosidl_typesupport_c/livox_interfaces/msg/custom_msg__type_support.cpp.o[0m
[5.236s] [ 55%] [32mBuilding CXX object CMakeFiles/livox_interfaces__rosidl_typesupport_fastrtps_c.dir/rosidl_typesupport_fastrtps_c/livox_interfaces/msg/detail/custom_point__type_support_c.cpp.o[0m
[5.239s] [ 55%] [32mBuilding CXX object CMakeFiles/livox_interfaces__rosidl_typesupport_fastrtps_c.dir/rosidl_typesupport_fastrtps_c/livox_interfaces/msg/detail/custom_msg__type_support_c.cpp.o[0m
[5.241s] [ 57%] [32mBuilding CXX object CMakeFiles/livox_interfaces__rosidl_typesupport_fastrtps_cpp.dir/rosidl_typesupport_fastrtps_cpp/livox_interfaces/msg/detail/dds_fastrtps/custom_msg__type_support.cpp.o[0m
[5.244s] [ 60%] [32mBuilding CXX object CMakeFiles/livox_interfaces__rosidl_typesupport_fastrtps_cpp.dir/rosidl_typesupport_fastrtps_cpp/livox_interfaces/msg/detail/dds_fastrtps/custom_point__type_support.cpp.o[0m
[5.249s] [ 62%] [32mBuilding C object CMakeFiles/livox_interfaces__rosidl_typesupport_introspection_c.dir/rosidl_typesupport_introspection_c/livox_interfaces/msg/detail/custom_point__type_support.c.o[0m
[5.255s] [ 64%] [32mBuilding C object CMakeFiles/livox_interfaces__rosidl_typesupport_introspection_c.dir/rosidl_typesupport_introspection_c/livox_interfaces/msg/detail/custom_msg__type_support.c.o[0m
[5.271s] [ 66%] [32m[1mLinking CXX shared library liblivox_interfaces__rosidl_typesupport_c.so[0m
[5.325s] [ 68%] [32m[1mLinking C shared library liblivox_interfaces__rosidl_typesupport_introspection_c.so[0m
[5.374s] [ 68%] Built target livox_interfaces__rosidl_typesupport_c
[5.377s] [ 68%] Built target livox_interfaces__rosidl_typesupport_introspection_c
[5.459s] [ 71%] [32m[1mLinking CXX shared library liblivox_interfaces__rosidl_typesupport_cpp.so[0m
[5.499s] [ 71%] Built target livox_interfaces__rosidl_typesupport_cpp
[5.515s] [ 73%] [32m[1mLinking CXX shared library liblivox_interfaces__rosidl_typesupport_introspection_cpp.so[0m
[5.589s] [ 73%] Built target livox_interfaces__rosidl_typesupport_introspection_cpp
[5.639s] [ 75%] [32m[1mLinking CXX shared library liblivox_interfaces__rosidl_typesupport_fastrtps_c.so[0m
[5.694s] [ 75%] Built target livox_interfaces__rosidl_typesupport_fastrtps_c
[5.730s] [ 77%] [32m[1mLinking CXX shared library liblivox_interfaces__rosidl_typesupport_fastrtps_cpp.so[0m
[5.808s] [ 77%] Built target livox_interfaces__rosidl_typesupport_fastrtps_cpp
[5.836s] [ 77%] Built target livox_interfaces
[5.862s] [ 80%] [34m[1mGenerating Python code for ROS interfaces[0m
[6.369s] [ 80%] Built target livox_interfaces__py
[6.392s] [ 84%] [32mBuilding C object CMakeFiles/livox_interfaces__rosidl_generator_py.dir/rosidl_generator_py/livox_interfaces/msg/_custom_msg_s.c.o[0m
[6.394s] [ 84%] [32mBuilding C object CMakeFiles/livox_interfaces__rosidl_generator_py.dir/rosidl_generator_py/livox_interfaces/msg/_custom_point_s.c.o[0m
[6.509s] [ 86%] [32m[1mLinking C shared library liblivox_interfaces__rosidl_generator_py.so[0m
[6.561s] [ 86%] Built target livox_interfaces__rosidl_generator_py
[6.579s] [ 88%] [32mBuilding C object CMakeFiles/livox_interfaces_s__rosidl_typesupport_fastrtps_c.dir/rosidl_generator_py/livox_interfaces/_livox_interfaces_s.ep.rosidl_typesupport_fastrtps_c.c.o[0m
[6.580s] [ 91%] [32mBuilding C object CMakeFiles/livox_interfaces_s__rosidl_typesupport_introspection_c.dir/rosidl_generator_py/livox_interfaces/_livox_interfaces_s.ep.rosidl_typesupport_introspection_c.c.o[0m
[6.585s] [ 93%] [32mBuilding C object CMakeFiles/livox_interfaces_s__rosidl_typesupport_c.dir/rosidl_generator_py/livox_interfaces/_livox_interfaces_s.ep.rosidl_typesupport_c.c.o[0m
[6.667s] [ 95%] [32m[1mLinking C shared module rosidl_generator_py/livox_interfaces/livox_interfaces_s__rosidl_typesupport_introspection_c.so[0m
[6.680s] [ 97%] [32m[1mLinking C shared module rosidl_generator_py/livox_interfaces/livox_interfaces_s__rosidl_typesupport_c.so[0m
[6.680s] [100%] [32m[1mLinking C shared module rosidl_generator_py/livox_interfaces/livox_interfaces_s__rosidl_typesupport_fastrtps_c.so[0m
[6.701s] [100%] Built target livox_interfaces_s__rosidl_typesupport_introspection_c
[6.716s] [100%] Built target livox_interfaces_s__rosidl_typesupport_fastrtps_c
[6.717s] [100%] Built target livox_interfaces_s__rosidl_typesupport_c
[6.737s] Invoked command in '/home/uos-robotics/ws_livox/build/livox_interfaces' returned '0': CMAKE_PREFIX_PATH=${CMAKE_PREFIX_PATH}:/opt/ros/jazzy DEBUGINFOD_URLS=https://debuginfod.ubuntu.com /usr/bin/cmake --build /home/uos-robotics/ws_livox/build/livox_interfaces -- -j14 -l14
[6.748s] Invoking command in '/home/uos-robotics/ws_livox/build/livox_interfaces': CMAKE_PREFIX_PATH=${CMAKE_PREFIX_PATH}:/opt/ros/jazzy DEBUGINFOD_URLS=https://debuginfod.ubuntu.com /usr/bin/cmake --install /home/uos-robotics/ws_livox/build/livox_interfaces
[6.759s] -- Install configuration: ""
[6.760s] -- Execute custom install script
[6.760s] -- Symlinking: /home/uos-robotics/ws_livox/install/livox_interfaces/share/ament_index/resource_index/rosidl_interfaces/livox_interfaces
[6.771s] -- Symlinking: /home/uos-robotics/ws_livox/install/livox_interfaces/share/livox_interfaces/msg/CustomPoint.json
[6.783s] -- Symlinking: /home/uos-robotics/ws_livox/install/livox_interfaces/share/livox_interfaces/msg/CustomMsg.json
[6.794s] -- Symlinking: /home/uos-robotics/ws_livox/install/livox_interfaces/include/livox_interfaces/livox_interfaces/msg/custom_msg.h
[6.806s] -- Symlinking: /home/uos-robotics/ws_livox/install/livox_interfaces/include/livox_interfaces/livox_interfaces/msg/custom_point.h
[6.817s] -- Symlinking: /home/uos-robotics/ws_livox/install/livox_interfaces/include/livox_interfaces/livox_interfaces/msg/detail/custom_msg__functions.h
[6.831s] -- Symlinking: /home/uos-robotics/ws_livox/install/livox_interfaces/include/livox_interfaces/livox_interfaces/msg/detail/custom_msg__struct.h
[6.844s] -- Symlinking: /home/uos-robotics/ws_livox/install/livox_interfaces/include/livox_interfaces/livox_interfaces/msg/detail/custom_msg__type_support.h
[6.855s] -- Symlinking: /home/uos-robotics/ws_livox/install/livox_interfaces/include/livox_interfaces/livox_interfaces/msg/detail/custom_point__functions.h
[6.866s] -- Symlinking: /home/uos-robotics/ws_livox/install/livox_interfaces/include/livox_interfaces/livox_interfaces/msg/detail/custom_point__struct.h
[6.876s] -- Symlinking: /home/uos-robotics/ws_livox/install/livox_interfaces/include/livox_interfaces/livox_interfaces/msg/detail/custom_point__type_support.h
[6.887s] -- Symlinking: /home/uos-robotics/ws_livox/install/livox_interfaces/include/livox_interfaces/livox_interfaces/msg/rosidl_generator_c__visibility_control.h
[6.900s] -- Symlinking: /home/uos-robotics/ws_livox/install/livox_interfaces/share/livox_interfaces/environment/library_path.sh
[6.912s] -- Symlinking: /home/uos-robotics/ws_livox/install/livox_interfaces/share/livox_interfaces/environment/library_path.dsv
[6.926s] -- Symlinking: /home/uos-robotics/ws_livox/install/livox_interfaces/include/livox_interfaces/livox_interfaces/msg/detail/custom_msg__rosidl_typesupport_fastrtps_c.h
[6.939s] -- Symlinking: /home/uos-robotics/ws_livox/install/livox_interfaces/include/livox_interfaces/livox_interfaces/msg/detail/custom_point__rosidl_typesupport_fastrtps_c.h
[6.950s] -- Symlinking: /home/uos-robotics/ws_livox/install/livox_interfaces/include/livox_interfaces/livox_interfaces/msg/rosidl_typesupport_fastrtps_c__visibility_control.h
[6.970s] -- Symlinking: /home/uos-robotics/ws_livox/install/livox_interfaces/include/livox_interfaces/livox_interfaces/msg/custom_msg.hpp
[6.983s] -- Symlinking: /home/uos-robotics/ws_livox/install/livox_interfaces/include/livox_interfaces/livox_interfaces/msg/custom_point.hpp
[6.995s] -- Symlinking: /home/uos-robotics/ws_livox/install/livox_interfaces/include/livox_interfaces/livox_interfaces/msg/detail/custom_msg__builder.hpp
[7.006s] -- Symlinking: /home/uos-robotics/ws_livox/install/livox_interfaces/include/livox_interfaces/livox_interfaces/msg/detail/custom_msg__struct.hpp
[7.017s] -- Symlinking: /home/uos-robotics/ws_livox/install/livox_interfaces/include/livox_interfaces/livox_interfaces/msg/detail/custom_msg__traits.hpp
[7.027s] -- Symlinking: /home/uos-robotics/ws_livox/install/livox_interfaces/include/livox_interfaces/livox_interfaces/msg/detail/custom_msg__type_support.hpp
[7.035s] -- Symlinking: /home/uos-robotics/ws_livox/install/livox_interfaces/include/livox_interfaces/livox_interfaces/msg/detail/custom_point__builder.hpp
[7.046s] -- Symlinking: /home/uos-robotics/ws_livox/install/livox_interfaces/include/livox_interfaces/livox_interfaces/msg/detail/custom_point__struct.hpp
[7.056s] -- Symlinking: /home/uos-robotics/ws_livox/install/livox_interfaces/include/livox_interfaces/livox_interfaces/msg/detail/custom_point__traits.hpp
[7.065s] -- Symlinking: /home/uos-robotics/ws_livox/install/livox_interfaces/include/livox_interfaces/livox_interfaces/msg/detail/custom_point__type_support.hpp
[7.075s] -- Symlinking: /home/uos-robotics/ws_livox/install/livox_interfaces/include/livox_interfaces/livox_interfaces/msg/rosidl_generator_cpp__visibility_control.hpp
[7.085s] -- Symlinking: /home/uos-robotics/ws_livox/install/livox_interfaces/include/livox_interfaces/livox_interfaces/msg/detail/custom_msg__rosidl_typesupport_fastrtps_cpp.hpp
[7.095s] -- Symlinking: /home/uos-robotics/ws_livox/install/livox_interfaces/include/livox_interfaces/livox_interfaces/msg/detail/custom_point__rosidl_typesupport_fastrtps_cpp.hpp
[7.106s] -- Symlinking: /home/uos-robotics/ws_livox/install/livox_interfaces/include/livox_interfaces/livox_interfaces/msg/rosidl_typesupport_fastrtps_cpp__visibility_control.h
[7.119s] -- Symlinking: /home/uos-robotics/ws_livox/install/livox_interfaces/include/livox_interfaces/livox_interfaces/msg/detail/custom_msg__rosidl_typesupport_introspection_c.h
[7.129s] -- Symlinking: /home/uos-robotics/ws_livox/install/livox_interfaces/include/livox_interfaces/livox_interfaces/msg/detail/custom_point__rosidl_typesupport_introspection_c.h
[7.139s] -- Symlinking: /home/uos-robotics/ws_livox/install/livox_interfaces/include/livox_interfaces/livox_interfaces/msg/rosidl_typesupport_introspection_c__visibility_control.h
[7.149s] -- Symlinking: /home/uos-robotics/ws_livox/install/livox_interfaces/include/livox_interfaces/livox_interfaces/msg/detail/custom_msg__rosidl_typesupport_introspection_cpp.hpp
[7.160s] -- Symlinking: /home/uos-robotics/ws_livox/install/livox_interfaces/include/livox_interfaces/livox_interfaces/msg/detail/custom_point__rosidl_typesupport_introspection_cpp.hpp
[7.170s] -- Symlinking: /home/uos-robotics/ws_livox/install/livox_interfaces/share/livox_interfaces/environment/pythonpath.sh
[7.182s] -- Symlinking: /home/uos-robotics/ws_livox/install/livox_interfaces/share/livox_interfaces/environment/pythonpath.dsv
[7.191s] -- Symlinking: /home/uos-robotics/ws_livox/install/livox_interfaces/lib/python3.12/site-packages/livox_interfaces-0.0.1-py3.12.egg-info/PKG-INFO
[7.202s] -- Symlinking: /home/uos-robotics/ws_livox/install/livox_interfaces/lib/python3.12/site-packages/livox_interfaces-0.0.1-py3.12.egg-info/SOURCES.txt
[7.212s] -- Symlinking: /home/uos-robotics/ws_livox/install/livox_interfaces/lib/python3.12/site-packages/livox_interfaces-0.0.1-py3.12.egg-info/dependency_links.txt
[7.223s] -- Symlinking: /home/uos-robotics/ws_livox/install/livox_interfaces/lib/python3.12/site-packages/livox_interfaces-0.0.1-py3.12.egg-info/top_level.txt
[7.234s] -- Symlinking: /home/uos-robotics/ws_livox/install/livox_interfaces/lib/python3.12/site-packages/livox_interfaces/__init__.py
[7.244s] -- Symlinking: /home/uos-robotics/ws_livox/install/livox_interfaces/lib/python3.12/site-packages/livox_interfaces/_livox_interfaces_s.ep.rosidl_typesupport_c.c
[7.253s] -- Symlinking: /home/uos-robotics/ws_livox/install/livox_interfaces/lib/python3.12/site-packages/livox_interfaces/_livox_interfaces_s.ep.rosidl_typesupport_fastrtps_c.c
[7.263s] -- Symlinking: /home/uos-robotics/ws_livox/install/livox_interfaces/lib/python3.12/site-packages/livox_interfaces/_livox_interfaces_s.ep.rosidl_typesupport_introspection_c.c
[7.274s] -- Symlinking: /home/uos-robotics/ws_livox/install/livox_interfaces/lib/python3.12/site-packages/livox_interfaces/livox_interfaces_s__rosidl_typesupport_c.so
[7.284s] -- Symlinking: /home/uos-robotics/ws_livox/install/livox_interfaces/lib/python3.12/site-packages/livox_interfaces/livox_interfaces_s__rosidl_typesupport_fastrtps_c.so
[7.295s] -- Symlinking: /home/uos-robotics/ws_livox/install/livox_interfaces/lib/python3.12/site-packages/livox_interfaces/livox_interfaces_s__rosidl_typesupport_introspection_c.so
[7.305s] -- Symlinking: /home/uos-robotics/ws_livox/install/livox_interfaces/lib/python3.12/site-packages/livox_interfaces/msg/__init__.py
[7.315s] -- Symlinking: /home/uos-robotics/ws_livox/install/livox_interfaces/lib/python3.12/site-packages/livox_interfaces/msg/_custom_msg.py
[7.325s] -- Symlinking: /home/uos-robotics/ws_livox/install/livox_interfaces/lib/python3.12/site-packages/livox_interfaces/msg/_custom_msg_s.c
[7.334s] -- Symlinking: /home/uos-robotics/ws_livox/install/livox_interfaces/lib/python3.12/site-packages/livox_interfaces/msg/_custom_point.py
[7.345s] -- Symlinking: /home/uos-robotics/ws_livox/install/livox_interfaces/lib/python3.12/site-packages/livox_interfaces/msg/_custom_point_s.c
[7.355s] -- Up-to-date symlink: /home/uos-robotics/ws_livox/install/livox_interfaces/lib/python3.12/site-packages/livox_interfaces/livox_interfaces_s__rosidl_typesupport_fastrtps_c.so
[7.355s] -- Up-to-date symlink: /home/uos-robotics/ws_livox/install/livox_interfaces/lib/python3.12/site-packages/livox_interfaces/livox_interfaces_s__rosidl_typesupport_introspection_c.so
[7.355s] -- Up-to-date symlink: /home/uos-robotics/ws_livox/install/livox_interfaces/lib/python3.12/site-packages/livox_interfaces/livox_interfaces_s__rosidl_typesupport_c.so
[7.356s] -- Symlinking: /home/uos-robotics/ws_livox/install/livox_interfaces/share/ament_index/resource_index/rust_packages/livox_interfaces
[7.367s] -- Symlinking: /home/uos-robotics/ws_livox/install/livox_interfaces/share/livox_interfaces/rust/Cargo.toml
[7.378s] -- Symlinking: /home/uos-robotics/ws_livox/install/livox_interfaces/share/livox_interfaces/rust/build.rs
[7.387s] -- Symlinking: /home/uos-robotics/ws_livox/install/livox_interfaces/share/livox_interfaces/rust/src/lib.rs
[7.397s] -- Symlinking: /home/uos-robotics/ws_livox/install/livox_interfaces/share/livox_interfaces/rust/src/msg.rs
[7.406s] -- Symlinking: /home/uos-robotics/ws_livox/install/livox_interfaces/share/livox_interfaces/rust/src/msg/rmw.rs
[7.415s] -- Symlinking: /home/uos-robotics/ws_livox/install/livox_interfaces/share/livox_interfaces/msg/CustomPoint.idl
[7.426s] -- Symlinking: /home/uos-robotics/ws_livox/install/livox_interfaces/share/livox_interfaces/msg/CustomMsg.idl
[7.436s] -- Symlinking: /home/uos-robotics/ws_livox/install/livox_interfaces/share/livox_interfaces/msg/CustomPoint.msg
[7.446s] -- Symlinking: /home/uos-robotics/ws_livox/install/livox_interfaces/share/livox_interfaces/msg/CustomMsg.msg
[7.458s] -- Symlinking: /home/uos-robotics/ws_livox/install/livox_interfaces/share/ament_index/resource_index/package_run_dependencies/livox_interfaces
[7.468s] -- Symlinking: /home/uos-robotics/ws_livox/install/livox_interfaces/share/ament_index/resource_index/parent_prefix_path/livox_interfaces
[7.478s] -- Symlinking: /home/uos-robotics/ws_livox/install/livox_interfaces/share/livox_interfaces/environment/ament_prefix_path.sh
[7.488s] -- Symlinking: /home/uos-robotics/ws_livox/install/livox_interfaces/share/livox_interfaces/environment/ament_prefix_path.dsv
[7.499s] -- Symlinking: /home/uos-robotics/ws_livox/install/livox_interfaces/share/livox_interfaces/environment/path.sh
[7.511s] -- Symlinking: /home/uos-robotics/ws_livox/install/livox_interfaces/share/livox_interfaces/environment/path.dsv
[7.521s] -- Symlinking: /home/uos-robotics/ws_livox/install/livox_interfaces/share/livox_interfaces/local_setup.bash
[7.533s] -- Symlinking: /home/uos-robotics/ws_livox/install/livox_interfaces/share/livox_interfaces/local_setup.sh
[7.544s] -- Symlinking: /home/uos-robotics/ws_livox/install/livox_interfaces/share/livox_interfaces/local_setup.zsh
[7.555s] -- Symlinking: /home/uos-robotics/ws_livox/install/livox_interfaces/share/livox_interfaces/local_setup.dsv
[7.565s] -- Symlinking: /home/uos-robotics/ws_livox/install/livox_interfaces/share/livox_interfaces/package.dsv
[7.576s] -- Symlinking: /home/uos-robotics/ws_livox/install/livox_interfaces/share/ament_index/resource_index/packages/livox_interfaces
[7.587s] -- Symlinking: /home/uos-robotics/ws_livox/install/livox_interfaces/share/livox_interfaces/cmake/rosidl_cmake-extras.cmake
[7.598s] -- Symlinking: /home/uos-robotics/ws_livox/install/livox_interfaces/share/livox_interfaces/cmake/ament_cmake_export_dependencies-extras.cmake
[7.607s] -- Symlinking: /home/uos-robotics/ws_livox/install/livox_interfaces/share/livox_interfaces/cmake/ament_cmake_export_include_directories-extras.cmake
[7.617s] -- Symlinking: /home/uos-robotics/ws_livox/install/livox_interfaces/share/livox_interfaces/cmake/ament_cmake_export_libraries-extras.cmake
[7.627s] -- Symlinking: /home/uos-robotics/ws_livox/install/livox_interfaces/share/livox_interfaces/cmake/ament_cmake_export_targets-extras.cmake
[7.639s] -- Symlinking: /home/uos-robotics/ws_livox/install/livox_interfaces/share/livox_interfaces/cmake/rosidl_cmake_export_typesupport_targets-extras.cmake
[7.648s] -- Symlinking: /home/uos-robotics/ws_livox/install/livox_interfaces/share/livox_interfaces/cmake/rosidl_cmake_export_typesupport_libraries-extras.cmake
[7.659s] -- Symlinking: /home/uos-robotics/ws_livox/install/livox_interfaces/share/livox_interfaces/cmake/rosidl_cmake_aggregate_target-extras.cmake
[7.668s] -- Symlinking: /home/uos-robotics/ws_livox/install/livox_interfaces/share/livox_interfaces/cmake/livox_interfacesConfig.cmake
[7.679s] -- Symlinking: /home/uos-robotics/ws_livox/install/livox_interfaces/share/livox_interfaces/cmake/livox_interfacesConfig-version.cmake
[7.690s] -- Symlinking: /home/uos-robotics/ws_livox/install/livox_interfaces/share/livox_interfaces/package.xml
[7.700s] -- Installing: /home/uos-robotics/ws_livox/install/livox_interfaces/lib/liblivox_interfaces__rosidl_generator_c.so
[7.701s] -- Set non-toolchain portion of runtime path of "/home/uos-robotics/ws_livox/install/livox_interfaces/lib/liblivox_interfaces__rosidl_generator_c.so" to ""
[7.701s] -- Installing: /home/uos-robotics/ws_livox/install/livox_interfaces/lib/liblivox_interfaces__rosidl_typesupport_fastrtps_c.so
[7.701s] -- Set non-toolchain portion of runtime path of "/home/uos-robotics/ws_livox/install/livox_interfaces/lib/liblivox_interfaces__rosidl_typesupport_fastrtps_c.so" to ""
[7.702s] -- Installing: /home/uos-robotics/ws_livox/install/livox_interfaces/lib/liblivox_interfaces__rosidl_typesupport_fastrtps_cpp.so
[7.702s] -- Set non-toolchain portion of runtime path of "/home/uos-robotics/ws_livox/install/livox_interfaces/lib/liblivox_interfaces__rosidl_typesupport_fastrtps_cpp.so" to ""
[7.702s] -- Installing: /home/uos-robotics/ws_livox/install/livox_interfaces/lib/liblivox_interfaces__rosidl_typesupport_introspection_c.so
[7.703s] -- Set non-toolchain portion of runtime path of "/home/uos-robotics/ws_livox/install/livox_interfaces/lib/liblivox_interfaces__rosidl_typesupport_introspection_c.so" to ""
[7.703s] -- Installing: /home/uos-robotics/ws_livox/install/livox_interfaces/lib/liblivox_interfaces__rosidl_typesupport_c.so
[7.703s] -- Set non-toolchain portion of runtime path of "/home/uos-robotics/ws_livox/install/livox_interfaces/lib/liblivox_interfaces__rosidl_typesupport_c.so" to ""
[7.703s] -- Installing: /home/uos-robotics/ws_livox/install/livox_interfaces/lib/liblivox_interfaces__rosidl_typesupport_introspection_cpp.so
[7.704s] -- Set non-toolchain portion of runtime path of "/home/uos-robotics/ws_livox/install/livox_interfaces/lib/liblivox_interfaces__rosidl_typesupport_introspection_cpp.so" to ""
[7.705s] -- Installing: /home/uos-robotics/ws_livox/install/livox_interfaces/lib/liblivox_interfaces__rosidl_typesupport_cpp.so
[7.705s] -- Set non-toolchain portion of runtime path of "/home/uos-robotics/ws_livox/install/livox_interfaces/lib/liblivox_interfaces__rosidl_typesupport_cpp.so" to ""
[7.745s] Listing '/home/uos-robotics/ws_livox/install/livox_interfaces/lib/python3.12/site-packages/livox_interfaces'...
[7.746s] Compiling '/home/uos-robotics/ws_livox/install/livox_interfaces/lib/python3.12/site-packages/livox_interfaces/__init__.py'...
[7.746s] Listing '/home/uos-robotics/ws_livox/install/livox_interfaces/lib/python3.12/site-packages/livox_interfaces/msg'...
[7.746s] Compiling '/home/uos-robotics/ws_livox/install/livox_interfaces/lib/python3.12/site-packages/livox_interfaces/msg/__init__.py'...
[7.746s] Compiling '/home/uos-robotics/ws_livox/install/livox_interfaces/lib/python3.12/site-packages/livox_interfaces/msg/_custom_msg.py'...
[7.746s] Compiling '/home/uos-robotics/ws_livox/install/livox_interfaces/lib/python3.12/site-packages/livox_interfaces/msg/_custom_point.py'...
[7.752s] -- Installing: /home/uos-robotics/ws_livox/install/livox_interfaces/lib/liblivox_interfaces__rosidl_generator_py.so
[7.753s] -- Set non-toolchain portion of runtime path of "/home/uos-robotics/ws_livox/install/livox_interfaces/lib/liblivox_interfaces__rosidl_generator_py.so" to ""
[7.753s] -- Installing: /home/uos-robotics/ws_livox/install/livox_interfaces/share/livox_interfaces/cmake/export_livox_interfaces__rosidl_generator_cExport.cmake
[7.753s] -- Installing: /home/uos-robotics/ws_livox/install/livox_interfaces/share/livox_interfaces/cmake/export_livox_interfaces__rosidl_generator_cExport-noconfig.cmake
[7.753s] -- Installing: /home/uos-robotics/ws_livox/install/livox_interfaces/share/livox_interfaces/cmake/export_livox_interfaces__rosidl_typesupport_fastrtps_cExport.cmake
[7.754s] -- Installing: /home/uos-robotics/ws_livox/install/livox_interfaces/share/livox_interfaces/cmake/export_livox_interfaces__rosidl_typesupport_fastrtps_cExport-noconfig.cmake
[7.754s] -- Installing: /home/uos-robotics/ws_livox/install/livox_interfaces/share/livox_interfaces/cmake/export_livox_interfaces__rosidl_generator_cppExport.cmake
[7.754s] -- Installing: /home/uos-robotics/ws_livox/install/livox_interfaces/share/livox_interfaces/cmake/export_livox_interfaces__rosidl_typesupport_fastrtps_cppExport.cmake
[7.754s] -- Installing: /home/uos-robotics/ws_livox/install/livox_interfaces/share/livox_interfaces/cmake/export_livox_interfaces__rosidl_typesupport_fastrtps_cppExport-noconfig.cmake
[7.754s] -- Installing: /home/uos-robotics/ws_livox/install/livox_interfaces/share/livox_interfaces/cmake/livox_interfaces__rosidl_typesupport_introspection_cExport.cmake
[7.754s] -- Installing: /home/uos-robotics/ws_livox/install/livox_interfaces/share/livox_interfaces/cmake/livox_interfaces__rosidl_typesupport_introspection_cExport-noconfig.cmake
[7.755s] -- Installing: /home/uos-robotics/ws_livox/install/livox_interfaces/share/livox_interfaces/cmake/livox_interfaces__rosidl_typesupport_cExport.cmake
[7.755s] -- Installing: /home/uos-robotics/ws_livox/install/livox_interfaces/share/livox_interfaces/cmake/livox_interfaces__rosidl_typesupport_cExport-noconfig.cmake
[7.755s] -- Installing: /home/uos-robotics/ws_livox/install/livox_interfaces/share/livox_interfaces/cmake/livox_interfaces__rosidl_typesupport_introspection_cppExport.cmake
[7.755s] -- Installing: /home/uos-robotics/ws_livox/install/livox_interfaces/share/livox_interfaces/cmake/livox_interfaces__rosidl_typesupport_introspection_cppExport-noconfig.cmake
[7.755s] -- Installing: /home/uos-robotics/ws_livox/install/livox_interfaces/share/livox_interfaces/cmake/livox_interfaces__rosidl_typesupport_cppExport.cmake
[7.756s] -- Installing: /home/uos-robotics/ws_livox/install/livox_interfaces/share/livox_interfaces/cmake/livox_interfaces__rosidl_typesupport_cppExport-noconfig.cmake
[7.756s] -- Installing: /home/uos-robotics/ws_livox/install/livox_interfaces/share/livox_interfaces/cmake/export_livox_interfaces__rosidl_generator_pyExport.cmake
[7.756s] -- Installing: /home/uos-robotics/ws_livox/install/livox_interfaces/share/livox_interfaces/cmake/export_livox_interfaces__rosidl_generator_pyExport-noconfig.cmake
[7.762s] Invoked command in '/home/uos-robotics/ws_livox/build/livox_interfaces' returned '0': CMAKE_PREFIX_PATH=${CMAKE_PREFIX_PATH}:/opt/ros/jazzy DEBUGINFOD_URLS=https://debuginfod.ubuntu.com /usr/bin/cmake --install /home/uos-robotics/ws_livox/build/livox_interfaces
