-- The C compiler identification is GNU 13.3.0
-- The CXX compiler identification is GNU 13.3.0
-- Detecting C compiler ABI info
-- Detecting C compiler ABI info - done
-- Check for working C compiler: /usr/bin/cc - skipped
-- Detecting C compile features
-- Detecting C compile features - done
-- Detecting CXX compiler ABI info
-- Detecting CXX compiler ABI info - done
-- Check for working CXX compiler: /usr/bin/c++ - skipped
-- Detecting CXX compile features
-- Detecting CXX compile features - done
-- Found ament_cmake: 2.5.6 (/opt/ros/jazzy/share/ament_cmake/cmake)
-- Found Python3: /usr/bin/python3 (found version "3.12.3") found components: Interpreter 
-- Override CMake install command with custom implementation using symlinks instead of copying resources
-- Configuring done (0.8s)
-- Generating done (0.0s)
-- Build files have been written to: /home/uos-robotics/ws_livox/build/livox_sdk_vendor
[ 12%] [34m[1mCreating directories for 'livox-sdk-v2.3.1'[0m
[ 25%] [34m[1mPerforming download step (git clone) for 'livox-sdk-v2.3.1'[0m
[ 37%] [34m[1mPerforming update step for 'livox-sdk-v2.3.1'[0m
[ 50%] [34m[1mNo patch step for 'livox-sdk-v2.3.1'[0m
[ 62%] [34m[1mPerforming configure step for 'livox-sdk-v2.3.1'[0m
-- The C compiler identification is GNU 13.3.0
-- The CXX compiler identification is GNU 13.3.0
-- Detecting C compiler ABI info
-- Detecting C compiler ABI info - done
-- Check for working C compiler: /usr/bin/cc - skipped
-- Detecting C compile features
-- Detecting C compile features - done
-- Detecting CXX compiler ABI info
-- Detecting CXX compiler ABI info - done
-- Check for working CXX compiler: /usr/bin/c++ - skipped
-- Detecting CXX compile features
-- Detecting CXX compile features - done
-- main project dir: /home/uos-robotics/ws_livox/build/livox_sdk_vendor/livox-sdk-v2.3.1-prefix/src/livox-sdk-v2.3.1
-- Configuring done (0.5s)
-- Generating done (0.0s)
-- Build files have been written to: /home/uos-robotics/ws_livox/build/livox_sdk_vendor/livox-sdk-v2.3.1-prefix/src/livox-sdk-v2.3.1-build
[ 75%] [34m[1mPerforming build step for 'livox-sdk-v2.3.1'[0m
[  6%] [32mBuilding CXX object sdk_core/CMakeFiles/livox_sdk_static.dir/src/device_manager.cpp.o[0m
[  6%] [32mBuilding CXX object sdk_core/CMakeFiles/livox_sdk_static.dir/src/base/network/unix/network_util.cpp.o[0m
[  6%] [32mBuilding CXX object sdk_core/CMakeFiles/livox_sdk_static.dir/src/third_party/FastCRC/FastCRCsw.cpp.o[0m
[  8%] [32mBuilding CXX object sdk_core/CMakeFiles/livox_sdk_static.dir/src/base/io_loop.cpp.o[0m
[ 12%] [32mBuilding CXX object sdk_core/CMakeFiles/livox_sdk_static.dir/src/device_discovery.cpp.o[0m
[ 14%] [32mBuilding CXX object sdk_core/CMakeFiles/livox_sdk_static.dir/src/base/logging.cpp.o[0m
[ 16%] [32mBuilding CXX object sdk_core/CMakeFiles/livox_sdk_static.dir/src/data_handler/data_handler.cpp.o[0m
[ 20%] [32mBuilding CXX object sdk_core/CMakeFiles/livox_sdk_static.dir/src/comm/comm_port.cpp.o[0m
[ 20%] [32mBuilding CXX object sdk_core/CMakeFiles/livox_sdk_static.dir/src/base/thread_base.cpp.o[0m
[ 22%] [32mBuilding CXX object sdk_core/CMakeFiles/livox_sdk_static.dir/src/data_handler/lidar_data_handler.cpp.o[0m
[ 27%] [32mBuilding CXX object sdk_core/CMakeFiles/livox_sdk_static.dir/src/comm/sdk_protocol.cpp.o[0m
[ 29%] [32mBuilding CXX object sdk_core/CMakeFiles/livox_sdk_static.dir/src/data_handler/hub_data_handler.cpp.o[0m
[ 29%] [32mBuilding CXX object sdk_core/CMakeFiles/livox_sdk_static.dir/src/livox_sdk.cpp.o[0m
[ 12%] [32mBuilding CXX object sdk_core/CMakeFiles/livox_sdk_static.dir/src/base/io_thread.cpp.o[0m
[ 31%] [32mBuilding CXX object sdk_core/CMakeFiles/livox_sdk_static.dir/src/command_handler/command_handler.cpp.o[0m
[ 33%] [32mBuilding CXX object sdk_core/CMakeFiles/livox_sdk_static.dir/src/command_handler/command_channel.cpp.o[0m
[ 35%] [32mBuilding CXX object sdk_core/CMakeFiles/livox_sdk_static.dir/src/command_handler/hub_command_handler.cpp.o[0m
[ 37%] [32mBuilding CXX object sdk_core/CMakeFiles/livox_sdk_static.dir/src/command_handler/lidar_command_handler.cpp.o[0m
[ 39%] [32mBuilding CXX object sdk_core/CMakeFiles/livox_sdk_static.dir/src/command_handler/command_impl.cpp.o[0m
[ 41%] [32mBuilding CXX object sdk_core/CMakeFiles/livox_sdk_static.dir/src/base/multiple_io/multiple_io_base.cpp.o[0m
[ 43%] [32mBuilding CXX object sdk_core/CMakeFiles/livox_sdk_static.dir/src/base/multiple_io/multiple_io_epoll.cpp.o[0m
[ 45%] [32mBuilding CXX object sdk_core/CMakeFiles/livox_sdk_static.dir/src/base/multiple_io/multiple_io_poll.cpp.o[0m
[ 47%] [32mBuilding CXX object sdk_core/CMakeFiles/livox_sdk_static.dir/src/base/multiple_io/multiple_io_select.cpp.o[0m
[ 50%] [32mBuilding CXX object sdk_core/CMakeFiles/livox_sdk_static.dir/src/base/multiple_io/multiple_io_kqueue.cpp.o[0m
[ 52%] [32mBuilding CXX object sdk_core/CMakeFiles/livox_sdk_static.dir/src/base/wake_up/unix/wake_up_pipe.cpp.o[0m
[ 54%] [32m[1mLinking CXX static library liblivox_sdk_static.a[0m
[ 54%] Built target livox_sdk_static
[ 60%] [32mBuilding CXX object sample/hub_lvx_file/CMakeFiles/hub_lvx_sample.dir/main.cpp.o[0m
[ 60%] [32mBuilding CXX object sample_cc/lidar/CMakeFiles/lidar_sample_cc.dir/main.cpp.o[0m
[ 62%] [32mBuilding C object sample/hub/CMakeFiles/hub_sample.dir/main.c.o[0m
[ 62%] [32mBuilding CXX object sample/lidar_lvx_file/CMakeFiles/lidar_lvx_sample.dir/lvx_file.cpp.o[0m
[ 64%] [32mBuilding CXX object sample_cc/hub/CMakeFiles/hub_sample_cc.dir/lds_hub.cpp.o[0m
[ 66%] [32mBuilding CXX object sample/lidar_lvx_file/CMakeFiles/lidar_lvx_sample.dir/main.cpp.o[0m
[ 68%] [32mBuilding CXX object sample_cc/lidar/CMakeFiles/lidar_sample_cc.dir/lds_lidar.cpp.o[0m
[ 70%] [32mBuilding CXX object sample_cc/hub/CMakeFiles/hub_sample_cc.dir/main.cpp.o[0m
[ 72%] [32mBuilding CXX object sample/hub_lvx_file/CMakeFiles/hub_lvx_sample.dir/lvx_file.cpp.o[0m
[ 75%] [32mBuilding CXX object sample_cc/lidar_utc_sync/CMakeFiles/lidar_utc_sync.dir/main.cpp.o[0m
[ 77%] [32mBuilding C object sample/lidar/CMakeFiles/lidar_sample.dir/main.c.o[0m
[ 79%] [32mBuilding CXX object sample_cc/trouble_shooting/CMakeFiles/trouble_shooting.dir/main.cpp.o[0m
[ 81%] [32mBuilding CXX object sample_cc/lidar_utc_sync/CMakeFiles/lidar_utc_sync.dir/lds_lidar.cpp.o[0m
[ 83%] [32mBuilding CXX object sample_cc/lidar_utc_sync/CMakeFiles/lidar_utc_sync.dir/synchro.cpp.o[0m
[ 85%] [32m[1mLinking CXX executable hub_sample[0m
[ 87%] [32m[1mLinking CXX executable lidar_sample[0m
[ 89%] [32m[1mLinking CXX executable trouble_shooting[0m
[ 89%] Built target lidar_sample
[ 89%] Built target hub_sample
[ 89%] Built target trouble_shooting
[ 91%] [32m[1mLinking CXX executable lidar_utc_sync[0m
[ 93%] [32m[1mLinking CXX executable lidar_sample_cc[0m
[ 95%] [32m[1mLinking CXX executable hub_sample_cc[0m
[ 97%] [32m[1mLinking CXX executable lidar_lvx_sample[0m
[100%] [32m[1mLinking CXX executable hub_lvx_sample[0m
[100%] Built target lidar_sample_cc
[100%] Built target lidar_utc_sync
[100%] Built target hub_sample_cc
[100%] Built target lidar_lvx_sample
[100%] Built target hub_lvx_sample
[ 87%] [34m[1mPerforming install step for 'livox-sdk-v2.3.1'[0m
[ 54%] Built target livox_sdk_static
[ 58%] Built target hub_sample
[ 64%] Built target lidar_sample_cc
[ 68%] Built target lidar_sample
[ 75%] Built target lidar_lvx_sample
[ 81%] Built target hub_lvx_sample
[ 85%] Built target trouble_shooting
[ 91%] Built target hub_sample_cc
[100%] Built target lidar_utc_sync
[36mInstall the project...[0m
-- Install configuration: ""
-- Installing: /home/uos-robotics/ws_livox/build/livox_sdk_vendor/livox-sdk_install/lib/liblivox_sdk_static.a
-- Installing: /home/uos-robotics/ws_livox/build/livox_sdk_vendor/livox-sdk_install/include/livox_def.h
-- Installing: /home/uos-robotics/ws_livox/build/livox_sdk_vendor/livox-sdk_install/include/livox_sdk.h
[100%] [34m[1mCompleted 'livox-sdk-v2.3.1'[0m
[100%] Built target livox-sdk-v2.3.1
-- Install configuration: ""
-- Execute custom install script
-- Symlinking: /home/uos-robotics/ws_livox/install/livox_sdk_vendor/include/livox_def.h
-- Symlinking: /home/uos-robotics/ws_livox/install/livox_sdk_vendor/include/livox_sdk.h
-- Symlinking: /home/uos-robotics/ws_livox/install/livox_sdk_vendor/lib/liblivox_sdk_static.a
-- Symlinking: /home/uos-robotics/ws_livox/install/livox_sdk_vendor/share/livox_sdk_vendor/cmake/Modules/Findlivox_sdk.cmake
-- Symlinking: /home/uos-robotics/ws_livox/install/livox_sdk_vendor/share/ament_index/resource_index/package_run_dependencies/livox_sdk_vendor
-- Symlinking: /home/uos-robotics/ws_livox/install/livox_sdk_vendor/share/ament_index/resource_index/parent_prefix_path/livox_sdk_vendor
-- Symlinking: /home/uos-robotics/ws_livox/install/livox_sdk_vendor/share/livox_sdk_vendor/environment/ament_prefix_path.sh
-- Symlinking: /home/uos-robotics/ws_livox/install/livox_sdk_vendor/share/livox_sdk_vendor/environment/ament_prefix_path.dsv
-- Symlinking: /home/uos-robotics/ws_livox/install/livox_sdk_vendor/share/livox_sdk_vendor/environment/path.sh
-- Symlinking: /home/uos-robotics/ws_livox/install/livox_sdk_vendor/share/livox_sdk_vendor/environment/path.dsv
-- Symlinking: /home/uos-robotics/ws_livox/install/livox_sdk_vendor/share/livox_sdk_vendor/local_setup.bash
-- Symlinking: /home/uos-robotics/ws_livox/install/livox_sdk_vendor/share/livox_sdk_vendor/local_setup.sh
-- Symlinking: /home/uos-robotics/ws_livox/install/livox_sdk_vendor/share/livox_sdk_vendor/local_setup.zsh
-- Symlinking: /home/uos-robotics/ws_livox/install/livox_sdk_vendor/share/livox_sdk_vendor/local_setup.dsv
-- Symlinking: /home/uos-robotics/ws_livox/install/livox_sdk_vendor/share/livox_sdk_vendor/package.dsv
-- Symlinking: /home/uos-robotics/ws_livox/install/livox_sdk_vendor/share/ament_index/resource_index/packages/livox_sdk_vendor
-- Symlinking: /home/uos-robotics/ws_livox/install/livox_sdk_vendor/share/livox_sdk_vendor/cmake/livox_sdk_vendor-extras.cmake
-- Symlinking: /home/uos-robotics/ws_livox/install/livox_sdk_vendor/share/livox_sdk_vendor/cmake/livox_sdk_vendorConfig.cmake
-- Symlinking: /home/uos-robotics/ws_livox/install/livox_sdk_vendor/share/livox_sdk_vendor/cmake/livox_sdk_vendorConfig-version.cmake
-- Symlinking: /home/uos-robotics/ws_livox/install/livox_sdk_vendor/share/livox_sdk_vendor/package.xml
