[0.009s] Invoking command in '/home/uos-robotics/ws_livox/build/livox_sdk_vendor': CMAKE_PREFIX_PATH=${CMAKE_PREFIX_PATH}:/opt/ros/jazzy DEBUGINFOD_URLS=https://debuginfod.ubuntu.com /usr/bin/cmake /home/uos-robotics/ws_livox/src/livox_ros2_driver/livox_sdk_vendor -DAMENT_CMAKE_SYMLINK_INSTALL=1 -DCMAKE_INSTALL_PREFIX=/home/uos-robotics/ws_livox/install/livox_sdk_vendor
[0.069s] -- The C compiler identification is GNU 13.3.0
[0.135s] -- The CXX compiler identification is GNU 13.3.0
[0.160s] -- Detecting C compiler ABI info
[0.263s] -- Detecting C compiler ABI info - done
[0.280s] -- Check for working C compiler: /usr/bin/cc - skipped
[0.280s] -- Detecting C compile features
[0.280s] -- Detecting C compile features - done
[0.291s] -- Detecting CXX compiler ABI info
[0.408s] -- Detecting CXX compiler ABI info - done
[0.424s] -- Check for working CXX compiler: /usr/bin/c++ - skipped
[0.424s] -- Detecting CXX compile features
[0.425s] -- Detecting CXX compile features - done
[0.431s] -- Found ament_cmake: 2.5.6 (/opt/ros/jazzy/share/ament_cmake/cmake)
[0.594s] -- Found Python3: /usr/bin/python3 (found version "3.12.3") found components: Interpreter 
[0.668s] -- Override CMake install command with custom implementation using symlinks instead of copying resources
[0.852s] -- Configuring done (0.8s)
[0.856s] -- Generating done (0.0s)
[0.859s] -- Build files have been written to: /home/uos-robotics/ws_livox/build/livox_sdk_vendor
[0.872s] Invoked command in '/home/uos-robotics/ws_livox/build/livox_sdk_vendor' returned '0': CMAKE_PREFIX_PATH=${CMAKE_PREFIX_PATH}:/opt/ros/jazzy DEBUGINFOD_URLS=https://debuginfod.ubuntu.com /usr/bin/cmake /home/uos-robotics/ws_livox/src/livox_ros2_driver/livox_sdk_vendor -DAMENT_CMAKE_SYMLINK_INSTALL=1 -DCMAKE_INSTALL_PREFIX=/home/uos-robotics/ws_livox/install/livox_sdk_vendor
[0.874s] Invoking command in '/home/uos-robotics/ws_livox/build/livox_sdk_vendor': CMAKE_PREFIX_PATH=${CMAKE_PREFIX_PATH}:/opt/ros/jazzy DEBUGINFOD_URLS=https://debuginfod.ubuntu.com /usr/bin/cmake --build /home/uos-robotics/ws_livox/build/livox_sdk_vendor -- -j14 -l14
[0.930s] [ 12%] [34m[1mCreating directories for 'livox-sdk-v2.3.1'[0m
[0.959s] [ 25%] [34m[1mPerforming download step (git clone) for 'livox-sdk-v2.3.1'[0m
[0.982s] 'livox-sdk-v2.3.1'에 복제합니다...
[2.447s] HEAD의 현재 위치는 14c533d fix ROS2 Humble build error
[2.512s] [ 37%] [34m[1mPerforming update step for 'livox-sdk-v2.3.1'[0m
[2.543s] [ 50%] [34m[1mNo patch step for 'livox-sdk-v2.3.1'[0m
[2.568s] [ 62%] [34m[1mPerforming configure step for 'livox-sdk-v2.3.1'[0m
[2.579s] [0mCMake Deprecation Warning at CMakeLists.txt:1 (cmake_minimum_required):
[2.579s]   Compatibility with CMake < 3.5 will be removed from a future version of
[2.579s]   CMake.
[2.579s] 
[2.580s]   Update the VERSION argument <min> value or use a ...<max> suffix to tell
[2.580s]   CMake that the project does not need compatibility with older versions.
[2.580s] 
[2.580s] [0m
[2.640s] -- The C compiler identification is GNU 13.3.0
[2.714s] -- The CXX compiler identification is GNU 13.3.0
[2.743s] -- Detecting C compiler ABI info
[2.856s] -- Detecting C compiler ABI info - done
[2.877s] -- Check for working C compiler: /usr/bin/cc - skipped
[2.877s] -- Detecting C compile features
[2.878s] -- Detecting C compile features - done
[2.896s] -- Detecting CXX compiler ABI info
[3.016s] -- Detecting CXX compiler ABI info - done
[3.037s] -- Check for working CXX compiler: /usr/bin/c++ - skipped
[3.038s] -- Detecting CXX compile features
[3.040s] -- Detecting CXX compile features - done
[3.040s] -- main project dir: /home/uos-robotics/ws_livox/build/livox_sdk_vendor/livox-sdk-v2.3.1-prefix/src/livox-sdk-v2.3.1
[3.044s] [0mCMake Deprecation Warning at sdk_core/CMakeLists.txt:1 (cmake_minimum_required):
[3.045s]   Compatibility with CMake < 3.5 will be removed from a future version of
[3.045s]   CMake.
[3.045s] 
[3.045s]   Update the VERSION argument <min> value or use a ...<max> suffix to tell
[3.045s]   CMake that the project does not need compatibility with older versions.
[3.045s] 
[3.045s] [0m
[3.045s] [0mCMake Deprecation Warning at sample/hub/CMakeLists.txt:1 (cmake_minimum_required):
[3.045s]   Compatibility with CMake < 3.5 will be removed from a future version of
[3.045s]   CMake.
[3.046s] 
[3.046s]   Update the VERSION argument <min> value or use a ...<max> suffix to tell
[3.046s]   CMake that the project does not need compatibility with older versions.
[3.046s] 
[3.046s] [0m
[3.046s] [0mCMake Deprecation Warning at sample/lidar/CMakeLists.txt:1 (cmake_minimum_required):
[3.046s]   Compatibility with CMake < 3.5 will be removed from a future version of
[3.046s]   CMake.
[3.047s] 
[3.047s]   Update the VERSION argument <min> value or use a ...<max> suffix to tell
[3.047s]   CMake that the project does not need compatibility with older versions.
[3.047s] 
[3.047s] [0m
[3.047s] [0mCMake Deprecation Warning at sample/hub_lvx_file/CMakeLists.txt:1 (cmake_minimum_required):
[3.047s]   Compatibility with CMake < 3.5 will be removed from a future version of
[3.047s]   CMake.
[3.047s] 
[3.047s]   Update the VERSION argument <min> value or use a ...<max> suffix to tell
[3.048s]   CMake that the project does not need compatibility with older versions.
[3.048s] 
[3.048s] [0m
[3.048s] [0mCMake Deprecation Warning at sample/lidar_lvx_file/CMakeLists.txt:1 (cmake_minimum_required):
[3.048s]   Compatibility with CMake < 3.5 will be removed from a future version of
[3.048s]   CMake.
[3.048s] 
[3.048s]   Update the VERSION argument <min> value or use a ...<max> suffix to tell
[3.048s]   CMake that the project does not need compatibility with older versions.
[3.049s] 
[3.049s] [0m
[3.049s] [0mCMake Deprecation Warning at sample_cc/hub/CMakeLists.txt:1 (cmake_minimum_required):
[3.049s]   Compatibility with CMake < 3.5 will be removed from a future version of
[3.049s]   CMake.
[3.049s] 
[3.049s]   Update the VERSION argument <min> value or use a ...<max> suffix to tell
[3.049s]   CMake that the project does not need compatibility with older versions.
[3.049s] 
[3.049s] [0m
[3.050s] [0mCMake Deprecation Warning at sample_cc/lidar/CMakeLists.txt:1 (cmake_minimum_required):
[3.050s]   Compatibility with CMake < 3.5 will be removed from a future version of
[3.050s]   CMake.
[3.050s] 
[3.050s]   Update the VERSION argument <min> value or use a ...<max> suffix to tell
[3.050s]   CMake that the project does not need compatibility with older versions.
[3.050s] 
[3.050s] [0m
[3.050s] [0mCMake Deprecation Warning at sample_cc/trouble_shooting/CMakeLists.txt:1 (cmake_minimum_required):
[3.050s]   Compatibility with CMake < 3.5 will be removed from a future version of
[3.051s]   CMake.
[3.051s] 
[3.051s]   Update the VERSION argument <min> value or use a ...<max> suffix to tell
[3.051s]   CMake that the project does not need compatibility with older versions.
[3.051s] 
[3.051s] [0m
[3.051s] [0mCMake Deprecation Warning at sample_cc/lidar_utc_sync/CMakeLists.txt:1 (cmake_minimum_required):
[3.051s]   Compatibility with CMake < 3.5 will be removed from a future version of
[3.051s]   CMake.
[3.051s] 
[3.052s]   Update the VERSION argument <min> value or use a ...<max> suffix to tell
[3.052s]   CMake that the project does not need compatibility with older versions.
[3.052s] 
[3.052s] [0m
[3.052s] -- Configuring done (0.5s)
[3.079s] -- Generating done (0.0s)
[3.081s] -- Build files have been written to: /home/uos-robotics/ws_livox/build/livox_sdk_vendor/livox-sdk-v2.3.1-prefix/src/livox-sdk-v2.3.1-build
[3.107s] [ 75%] [34m[1mPerforming build step for 'livox-sdk-v2.3.1'[0m
[3.159s] [  6%] [32mBuilding CXX object sdk_core/CMakeFiles/livox_sdk_static.dir/src/device_manager.cpp.o[0m
[3.159s] [  6%] [32mBuilding CXX object sdk_core/CMakeFiles/livox_sdk_static.dir/src/base/network/unix/network_util.cpp.o[0m
[3.159s] [  6%] [32mBuilding CXX object sdk_core/CMakeFiles/livox_sdk_static.dir/src/third_party/FastCRC/FastCRCsw.cpp.o[0m
[3.159s] [  8%] [32mBuilding CXX object sdk_core/CMakeFiles/livox_sdk_static.dir/src/base/io_loop.cpp.o[0m
[3.159s] [ 12%] [32mBuilding CXX object sdk_core/CMakeFiles/livox_sdk_static.dir/src/device_discovery.cpp.o[0m
[3.161s] [ 14%] [32mBuilding CXX object sdk_core/CMakeFiles/livox_sdk_static.dir/src/base/logging.cpp.o[0m
[3.161s] [ 16%] [32mBuilding CXX object sdk_core/CMakeFiles/livox_sdk_static.dir/src/data_handler/data_handler.cpp.o[0m
[3.161s] [ 20%] [32mBuilding CXX object sdk_core/CMakeFiles/livox_sdk_static.dir/src/comm/comm_port.cpp.o[0m
[3.161s] [ 20%] [32mBuilding CXX object sdk_core/CMakeFiles/livox_sdk_static.dir/src/base/thread_base.cpp.o[0m
[3.161s] [ 22%] [32mBuilding CXX object sdk_core/CMakeFiles/livox_sdk_static.dir/src/data_handler/lidar_data_handler.cpp.o[0m
[3.163s] [ 27%] [32mBuilding CXX object sdk_core/CMakeFiles/livox_sdk_static.dir/src/comm/sdk_protocol.cpp.o[0m
[3.163s] [ 29%] [32mBuilding CXX object sdk_core/CMakeFiles/livox_sdk_static.dir/src/data_handler/hub_data_handler.cpp.o[0m
[3.163s] [ 29%] [32mBuilding CXX object sdk_core/CMakeFiles/livox_sdk_static.dir/src/livox_sdk.cpp.o[0m
[3.163s] [ 12%] [32mBuilding CXX object sdk_core/CMakeFiles/livox_sdk_static.dir/src/base/io_thread.cpp.o[0m
[3.212s] [ 31%] [32mBuilding CXX object sdk_core/CMakeFiles/livox_sdk_static.dir/src/command_handler/command_handler.cpp.o[0m
[3.220s] [ 33%] [32mBuilding CXX object sdk_core/CMakeFiles/livox_sdk_static.dir/src/command_handler/command_channel.cpp.o[0m
[3.300s] [ 35%] [32mBuilding CXX object sdk_core/CMakeFiles/livox_sdk_static.dir/src/command_handler/hub_command_handler.cpp.o[0m
[3.329s] [ 37%] [32mBuilding CXX object sdk_core/CMakeFiles/livox_sdk_static.dir/src/command_handler/lidar_command_handler.cpp.o[0m
[3.444s] [ 39%] [32mBuilding CXX object sdk_core/CMakeFiles/livox_sdk_static.dir/src/command_handler/command_impl.cpp.o[0m
[3.525s] [ 41%] [32mBuilding CXX object sdk_core/CMakeFiles/livox_sdk_static.dir/src/base/multiple_io/multiple_io_base.cpp.o[0m
[3.711s] [ 43%] [32mBuilding CXX object sdk_core/CMakeFiles/livox_sdk_static.dir/src/base/multiple_io/multiple_io_epoll.cpp.o[0m
[3.724s] [ 45%] [32mBuilding CXX object sdk_core/CMakeFiles/livox_sdk_static.dir/src/base/multiple_io/multiple_io_poll.cpp.o[0m
[3.806s] [ 47%] [32mBuilding CXX object sdk_core/CMakeFiles/livox_sdk_static.dir/src/base/multiple_io/multiple_io_select.cpp.o[0m
[3.856s] [ 50%] [32mBuilding CXX object sdk_core/CMakeFiles/livox_sdk_static.dir/src/base/multiple_io/multiple_io_kqueue.cpp.o[0m
[3.952s] [ 52%] [32mBuilding CXX object sdk_core/CMakeFiles/livox_sdk_static.dir/src/base/wake_up/unix/wake_up_pipe.cpp.o[0m
[5.866s] [ 54%] [32m[1mLinking CXX static library liblivox_sdk_static.a[0m
[6.030s] [ 54%] Built target livox_sdk_static
[6.051s] [ 60%] [32mBuilding CXX object sample/hub_lvx_file/CMakeFiles/hub_lvx_sample.dir/main.cpp.o[0m
[6.052s] [ 60%] [32mBuilding CXX object sample_cc/lidar/CMakeFiles/lidar_sample_cc.dir/main.cpp.o[0m
[6.052s] [ 62%] [32mBuilding C object sample/hub/CMakeFiles/hub_sample.dir/main.c.o[0m
[6.052s] [ 62%] [32mBuilding CXX object sample/lidar_lvx_file/CMakeFiles/lidar_lvx_sample.dir/lvx_file.cpp.o[0m
[6.052s] [ 64%] [32mBuilding CXX object sample_cc/hub/CMakeFiles/hub_sample_cc.dir/lds_hub.cpp.o[0m
[6.052s] [ 66%] [32mBuilding CXX object sample/lidar_lvx_file/CMakeFiles/lidar_lvx_sample.dir/main.cpp.o[0m
[6.052s] [ 68%] [32mBuilding CXX object sample_cc/lidar/CMakeFiles/lidar_sample_cc.dir/lds_lidar.cpp.o[0m
[6.052s] [ 70%] [32mBuilding CXX object sample_cc/hub/CMakeFiles/hub_sample_cc.dir/main.cpp.o[0m
[6.053s] [ 72%] [32mBuilding CXX object sample/hub_lvx_file/CMakeFiles/hub_lvx_sample.dir/lvx_file.cpp.o[0m
[6.053s] [ 75%] [32mBuilding CXX object sample_cc/lidar_utc_sync/CMakeFiles/lidar_utc_sync.dir/main.cpp.o[0m
[6.053s] [ 77%] [32mBuilding C object sample/lidar/CMakeFiles/lidar_sample.dir/main.c.o[0m
[6.053s] [ 79%] [32mBuilding CXX object sample_cc/trouble_shooting/CMakeFiles/trouble_shooting.dir/main.cpp.o[0m
[6.058s] [ 81%] [32mBuilding CXX object sample_cc/lidar_utc_sync/CMakeFiles/lidar_utc_sync.dir/lds_lidar.cpp.o[0m
[6.058s] [ 83%] [32mBuilding CXX object sample_cc/lidar_utc_sync/CMakeFiles/lidar_utc_sync.dir/synchro.cpp.o[0m
[6.114s] [ 85%] [32m[1mLinking CXX executable hub_sample[0m
[6.126s] [ 87%] [32m[1mLinking CXX executable lidar_sample[0m
[6.280s] [ 89%] [32m[1mLinking CXX executable trouble_shooting[0m
[6.404s] [ 89%] Built target lidar_sample
[6.415s] [ 89%] Built target hub_sample
[6.507s] [ 89%] Built target trouble_shooting
[6.632s] [ 91%] [32m[1mLinking CXX executable lidar_utc_sync[0m
[6.640s] [ 93%] [32m[1mLinking CXX executable lidar_sample_cc[0m
[6.665s] [ 95%] [32m[1mLinking CXX executable hub_sample_cc[0m
[6.793s] [ 97%] [32m[1mLinking CXX executable lidar_lvx_sample[0m
[6.822s] [100%] [32m[1mLinking CXX executable hub_lvx_sample[0m
[6.866s] [100%] Built target lidar_sample_cc
[6.870s] [100%] Built target lidar_utc_sync
[6.894s] [100%] Built target hub_sample_cc
[7.021s] [100%] Built target lidar_lvx_sample
[7.054s] [100%] Built target hub_lvx_sample
[7.083s] [ 87%] [34m[1mPerforming install step for 'livox-sdk-v2.3.1'[0m
[7.156s] [ 54%] Built target livox_sdk_static
[7.178s] [ 58%] Built target hub_sample
[7.179s] [ 64%] Built target lidar_sample_cc
[7.181s] [ 68%] Built target lidar_sample
[7.181s] [ 75%] Built target lidar_lvx_sample
[7.181s] [ 81%] Built target hub_lvx_sample
[7.181s] [ 85%] Built target trouble_shooting
[7.181s] [ 91%] Built target hub_sample_cc
[7.184s] [100%] Built target lidar_utc_sync
[7.206s] [36mInstall the project...[0m
[7.215s] -- Install configuration: ""
[7.215s] -- Installing: /home/uos-robotics/ws_livox/build/livox_sdk_vendor/livox-sdk_install/lib/liblivox_sdk_static.a
[7.228s] -- Installing: /home/uos-robotics/ws_livox/build/livox_sdk_vendor/livox-sdk_install/include/livox_def.h
[7.228s] -- Installing: /home/uos-robotics/ws_livox/build/livox_sdk_vendor/livox-sdk_install/include/livox_sdk.h
[7.250s] [100%] [34m[1mCompleted 'livox-sdk-v2.3.1'[0m
[7.287s] [100%] Built target livox-sdk-v2.3.1
[7.303s] Invoked command in '/home/uos-robotics/ws_livox/build/livox_sdk_vendor' returned '0': CMAKE_PREFIX_PATH=${CMAKE_PREFIX_PATH}:/opt/ros/jazzy DEBUGINFOD_URLS=https://debuginfod.ubuntu.com /usr/bin/cmake --build /home/uos-robotics/ws_livox/build/livox_sdk_vendor -- -j14 -l14
[7.305s] Invoking command in '/home/uos-robotics/ws_livox/build/livox_sdk_vendor': CMAKE_PREFIX_PATH=${CMAKE_PREFIX_PATH}:/opt/ros/jazzy DEBUGINFOD_URLS=https://debuginfod.ubuntu.com /usr/bin/cmake --install /home/uos-robotics/ws_livox/build/livox_sdk_vendor
[7.312s] -- Install configuration: ""
[7.313s] -- Execute custom install script
[7.313s] -- Symlinking: /home/uos-robotics/ws_livox/install/livox_sdk_vendor/include/livox_def.h
[7.325s] -- Symlinking: /home/uos-robotics/ws_livox/install/livox_sdk_vendor/include/livox_sdk.h
[7.335s] -- Symlinking: /home/uos-robotics/ws_livox/install/livox_sdk_vendor/lib/liblivox_sdk_static.a
[7.345s] -- Symlinking: /home/uos-robotics/ws_livox/install/livox_sdk_vendor/share/livox_sdk_vendor/cmake/Modules/Findlivox_sdk.cmake
[7.355s] -- Symlinking: /home/uos-robotics/ws_livox/install/livox_sdk_vendor/share/ament_index/resource_index/package_run_dependencies/livox_sdk_vendor
[7.366s] -- Symlinking: /home/uos-robotics/ws_livox/install/livox_sdk_vendor/share/ament_index/resource_index/parent_prefix_path/livox_sdk_vendor
[7.376s] -- Symlinking: /home/uos-robotics/ws_livox/install/livox_sdk_vendor/share/livox_sdk_vendor/environment/ament_prefix_path.sh
[7.386s] -- Symlinking: /home/uos-robotics/ws_livox/install/livox_sdk_vendor/share/livox_sdk_vendor/environment/ament_prefix_path.dsv
[7.395s] -- Symlinking: /home/uos-robotics/ws_livox/install/livox_sdk_vendor/share/livox_sdk_vendor/environment/path.sh
[7.405s] -- Symlinking: /home/uos-robotics/ws_livox/install/livox_sdk_vendor/share/livox_sdk_vendor/environment/path.dsv
[7.415s] -- Symlinking: /home/uos-robotics/ws_livox/install/livox_sdk_vendor/share/livox_sdk_vendor/local_setup.bash
[7.425s] -- Symlinking: /home/uos-robotics/ws_livox/install/livox_sdk_vendor/share/livox_sdk_vendor/local_setup.sh
[7.435s] -- Symlinking: /home/uos-robotics/ws_livox/install/livox_sdk_vendor/share/livox_sdk_vendor/local_setup.zsh
[7.444s] -- Symlinking: /home/uos-robotics/ws_livox/install/livox_sdk_vendor/share/livox_sdk_vendor/local_setup.dsv
[7.454s] -- Symlinking: /home/uos-robotics/ws_livox/install/livox_sdk_vendor/share/livox_sdk_vendor/package.dsv
[7.466s] -- Symlinking: /home/uos-robotics/ws_livox/install/livox_sdk_vendor/share/ament_index/resource_index/packages/livox_sdk_vendor
[7.475s] -- Symlinking: /home/uos-robotics/ws_livox/install/livox_sdk_vendor/share/livox_sdk_vendor/cmake/livox_sdk_vendor-extras.cmake
[7.486s] -- Symlinking: /home/uos-robotics/ws_livox/install/livox_sdk_vendor/share/livox_sdk_vendor/cmake/livox_sdk_vendorConfig.cmake
[7.496s] -- Symlinking: /home/uos-robotics/ws_livox/install/livox_sdk_vendor/share/livox_sdk_vendor/cmake/livox_sdk_vendorConfig-version.cmake
[7.507s] -- Symlinking: /home/uos-robotics/ws_livox/install/livox_sdk_vendor/share/livox_sdk_vendor/package.xml
[7.521s] Invoked command in '/home/uos-robotics/ws_livox/build/livox_sdk_vendor' returned '0': CMAKE_PREFIX_PATH=${CMAKE_PREFIX_PATH}:/opt/ros/jazzy DEBUGINFOD_URLS=https://debuginfod.ubuntu.com /usr/bin/cmake --install /home/uos-robotics/ws_livox/build/livox_sdk_vendor
